
Optional file libmchp_peripheral.a not found

Optional file libmchp_peripheral_32MX795F512L.a not found
Archive member included because of file (symbol)

c:/program files (x86)/microchip/xc32/v2.20/bin/bin/../../lib/gcc/pic32mx/4.8.3/../../../../pic32mx/lib\libpic32.a(memcpy.o)
                              build/default/production/_ext/1128951024/queue.o (memcpy)
c:/program files (x86)/microchip/xc32/v2.20/bin/bin/../../lib/gcc/pic32mx/4.8.3/../../../../pic32mx/lib\libpic32.a(memset.o)
                              build/default/production/_ext/1128951024/tasks.o (memset)
c:/program files (x86)/microchip/xc32/v2.20/bin/bin/../../lib/gcc/pic32mx/4.8.3/../../../../pic32mx/lib\libpic32.a(default-bootstrap-exception-handler.o)
                              C:\Users\ik906\AppData\Local\Temp\ccCp4LlE.o (_bootstrap_exception_handler)
c:/program files (x86)/microchip/xc32/v2.20/bin/bin/../../lib/gcc/pic32mx/4.8.3/../../../../pic32mx/lib\libpic32.a(default-on-reset.o)
                              C:\Users\ik906\AppData\Local\Temp\ccCp4LlE.o (_on_reset)
c:/program files (x86)/microchip/xc32/v2.20/bin/bin/../../lib/gcc/pic32mx/4.8.3/../../../../pic32mx/lib\libpic32.a(default-on-bootstrap.o)
                              C:\Users\ik906\AppData\Local\Temp\ccCp4LlE.o (_on_bootstrap)
c:/program files (x86)/microchip/xc32/v2.20/bin/bin/../../lib/gcc/pic32mx/4.8.3/../../../../pic32mx/lib\libpic32.a(default-nmi-handler.o)
                              C:\Users\ik906\AppData\Local\Temp\ccCp4LlE.o (_nmi_handler)
c:/program files (x86)/microchip/xc32/v2.20/bin/bin/../../lib/gcc/pic32mx/4.8.3/../../../../pic32mx/lib\libpic32.a(pic32_data_init.o)
                              C:\Users\ik906\AppData\Local\Temp\ccCp4LlE.o (__pic32_data_init)
c:/program files (x86)/microchip/xc32/v2.20/bin/bin/../../lib/gcc/pic32mx/4.8.3/../../../../pic32mx/lib\libpic32.a(general-exception.o)
                              C:\Users\ik906\AppData\Local\Temp\ccCp4LlE.o (_general_exception_context)
c:/program files (x86)/microchip/xc32/v2.20/bin/bin/../../lib/gcc/pic32mx/4.8.3/../../../../pic32mx/lib\libpic32.a(vector0.o)
                              C:\Users\ik906\AppData\Local\Temp\ccgP0vPP.o (__vector_dispatch_0)
c:/program files (x86)/microchip/xc32/v2.20/bin/bin/../../lib/gcc/pic32mx/4.8.3/../../../../pic32mx/lib\libpic32.a(vector2.o)
                              C:\Users\ik906\AppData\Local\Temp\ccgP0vPP.o (__vector_dispatch_2)
c:/program files (x86)/microchip/xc32/v2.20/bin/bin/../../lib/gcc/pic32mx/4.8.3/../../../../pic32mx/lib\libpic32.a(vector3.o)
                              C:\Users\ik906\AppData\Local\Temp\ccgP0vPP.o (__vector_dispatch_3)
c:/program files (x86)/microchip/xc32/v2.20/bin/bin/../../lib/gcc/pic32mx/4.8.3/../../../../pic32mx/lib\libpic32.a(vector6.o)
                              C:\Users\ik906\AppData\Local\Temp\ccgP0vPP.o (__vector_dispatch_6)
c:/program files (x86)/microchip/xc32/v2.20/bin/bin/../../lib/gcc/pic32mx/4.8.3/../../../../pic32mx/lib\libpic32.a(vector7.o)
                              C:\Users\ik906\AppData\Local\Temp\ccgP0vPP.o (__vector_dispatch_7)
c:/program files (x86)/microchip/xc32/v2.20/bin/bin/../../lib/gcc/pic32mx/4.8.3/../../../../pic32mx/lib\libpic32.a(vector9.o)
                              C:\Users\ik906\AppData\Local\Temp\ccgP0vPP.o (__vector_dispatch_9)
c:/program files (x86)/microchip/xc32/v2.20/bin/bin/../../lib/gcc/pic32mx/4.8.3/../../../../pic32mx/lib\libpic32.a(vector10.o)
                              C:\Users\ik906\AppData\Local\Temp\ccgP0vPP.o (__vector_dispatch_10)
c:/program files (x86)/microchip/xc32/v2.20/bin/bin/../../lib/gcc/pic32mx/4.8.3/../../../../pic32mx/lib\libpic32.a(vector11.o)
                              C:\Users\ik906\AppData\Local\Temp\ccgP0vPP.o (__vector_dispatch_11)
c:/program files (x86)/microchip/xc32/v2.20/bin/bin/../../lib/gcc/pic32mx/4.8.3/../../../../pic32mx/lib\libpic32.a(vector13.o)
                              C:\Users\ik906\AppData\Local\Temp\ccgP0vPP.o (__vector_dispatch_13)
c:/program files (x86)/microchip/xc32/v2.20/bin/bin/../../lib/gcc/pic32mx/4.8.3/../../../../pic32mx/lib\libpic32.a(vector14.o)
                              C:\Users\ik906\AppData\Local\Temp\ccgP0vPP.o (__vector_dispatch_14)
c:/program files (x86)/microchip/xc32/v2.20/bin/bin/../../lib/gcc/pic32mx/4.8.3/../../../../pic32mx/lib\libpic32.a(vector15.o)
                              C:\Users\ik906\AppData\Local\Temp\ccgP0vPP.o (__vector_dispatch_15)
c:/program files (x86)/microchip/xc32/v2.20/bin/bin/../../lib/gcc/pic32mx/4.8.3/../../../../pic32mx/lib\libpic32.a(vector16.o)
                              C:\Users\ik906\AppData\Local\Temp\ccgP0vPP.o (__vector_dispatch_16)
c:/program files (x86)/microchip/xc32/v2.20/bin/bin/../../lib/gcc/pic32mx/4.8.3/../../../../pic32mx/lib\libpic32.a(vector17.o)
                              C:\Users\ik906\AppData\Local\Temp\ccgP0vPP.o (__vector_dispatch_17)
[...]
Memory Configuration

Name             Origin             Length             Attributes
kseg0_program_mem 0x9d000000         0x00080000         xr
kseg0_boot_mem   0x9fc00490         0x00000970
exception_mem    0x9fc01000         0x00001000
kseg1_boot_mem   0xbfc00000         0x00000490
debug_exec_mem   0xbfc02000         0x00000ff0
config3          0xbfc02ff0         0x00000004
config2          0xbfc02ff4         0x00000004
config1          0xbfc02ff8         0x00000004
config0          0xbfc02ffc         0x00000004
kseg1_data_mem   0xa0000000         0x00020000         w !x
sfrs             0xbf800000         0x00100000
configsfrs       0xbfc02ff0         0x00000010
*default*        0x00000000         0xffffffff

Linker script and memory map

LOAD c:/program files (x86)/microchip/xc32/v2.20/bin/bin/../../lib/gcc/pic32mx/4.8.3/../../../../pic32mx/lib\debug-exception-return.o
LOAD build/default/production/_ext/1360937237/app.o
LOAD build/default/production/_ext/1360937237/main.o
LOAD build/default/production/_ext/1360937237/app1.o
LOAD build/default/production/_ext/1360937237/app2.o
LOAD build/default/production/_ext/24337685/osal_freertos.o
LOAD build/default/production/_ext/272526352/sample_module.o
LOAD build/default/production/_ext/122796885/sys_int_pic32.o
LOAD build/default/production/_ext/1128951024/croutine.o
LOAD build/default/production/_ext/1128951024/list.o
LOAD build/default/production/_ext/1128951024/queue.o
LOAD build/default/production/_ext/1128951024/tasks.o
LOAD build/default/production/_ext/1128951024/timers.o
LOAD build/default/production/_ext/1128951024/event_groups.o
LOAD build/default/production/_ext/1128951024/stream_buffer.o
LOAD build/default/production/_ext/1856876499/heap_1.o
LOAD build/default/production/_ext/12131622/port.o
LOAD build/default/production/_ext/12131622/port_asm.o
LOAD build/default/production/_ext/875444448/drv_ic_mapping.o
LOAD build/default/production/_ext/875444448/drv_ic_static.o
LOAD build/default/production/_ext/1407244131/drv_tmr_static.o
LOAD build/default/production/_ext/1407244131/drv_tmr_mapping.o
LOAD build/default/production/_ext/639803181/sys_clk_pic32mx.o
LOAD build/default/production/_ext/340578644/sys_devcon.o
LOAD build/default/production/_ext/340578644/sys_devcon_pic32mx.o
LOAD build/default/production/_ext/822048611/sys_ports_static.o
LOAD build/default/production/_ext/74298950/bsp.o
LOAD build/default/production/_ext/1688732426/system_init.o
LOAD build/default/production/_ext/1688732426/system_interrupt.o
LOAD build/default/production/_ext/1688732426/system_exceptions.o
LOAD build/default/production/_ext/1688732426/system_tasks.o
LOAD build/default/production/_ext/1688732426/system_interrupt_a.o
LOAD build/default/production/_ext/1688732426/rtos_hooks.o
LOAD ..\..\..\..\bin\framework\peripheral\PIC32MX795F512L_peripherals.a
                0x00000001                __MPLAB_BUILD = 0x1
                0x00000000                _min_heap_size = 0x0
LOAD C:\Users\ik906\AppData\Local\Temp\ccCp4LlE.o
LOAD C:\Users\ik906\AppData\Local\Temp\ccVJg9S8.o
LOAD C:\Users\ik906\AppData\Local\Temp\ccgP0vPP.o
LOAD c:/program files (x86)/microchip/xc32/v2.20/bin/bin/../../lib/gcc/pic32mx/4.8.3/../../../../pic32mx/lib/./proc/32MX795F512L\default_isr_vectors.o
LOAD c:/program files (x86)/microchip/xc32/v2.20/bin/bin/../../lib/gcc/pic32mx/4.8.3/../../../../pic32mx/lib\pic32_software_reset.o
                0x00000400                PROVIDE (_min_stack_size, 0x400)
START GROUP
LOAD c:/program files (x86)/microchip/xc32/v2.20/bin/bin/../../lib/gcc/pic32mx/4.8.3/../../../../pic32mx/lib/./proc/32MX795F512L\processor.o
END GROUP
START GROUP
LOAD libmchp_peripheral.a
END GROUP
START GROUP
LOAD libmchp_peripheral_32MX795F512L.a
END GROUP
                0x00000001                PROVIDE (_vector_spacing, 0x1)
                0x9fc01000                PROVIDE (_ebase_address, 0x9fc01000)
                0xbfc00000                _RESET_ADDR = 0xbfc00000
                0xbfc00380                _BEV_EXCPT_ADDR = 0xbfc00380
                0xbfc00480                _DBG_EXCPT_ADDR = 0xbfc00480
                0xbfc02000                _DBG_CODE_ADDR = 0xbfc02000
                0x00000ff0                _DBG_CODE_SIZE = 0xff0
                0x9fc01180                _GEN_EXCPT_ADDR = (_ebase_address + 0x180)

.config_BFC02FF0
                0xbfc02ff0        0x4
 *(.config_BFC02FF0)
 .config_BFC02FF0
                0xbfc02ff0        0x4 build/default/production/_ext/1688732426/system_init.o

.config_BFC02FF4
                0xbfc02ff4        0x4
 *(.config_BFC02FF4)
 .config_BFC02FF4
                0xbfc02ff4        0x4 build/default/production/_ext/1688732426/system_init.o

.config_BFC02FF8
                0xbfc02ff8        0x4
 *(.config_BFC02FF8)
 .config_BFC02FF8
                0xbfc02ff8        0x4 build/default/production/_ext/1688732426/system_init.o

.config_BFC02FFC
                0xbfc02ffc        0x4
 *(.config_BFC02FFC)
 .config_BFC02FFC
                0xbfc02ffc        0x4 build/default/production/_ext/1688732426/system_init.o
                0xbfc02000                PROVIDE (_DBG_CODE_ADDR, 0xbfc02000)
                0x00000ff0                PROVIDE (_DBG_CODE_SIZE, 0xff0)

.reset          0xbfc00000      0x19c
 *(.reset)
 .reset         0xbfc00000        0x8 C:\Users\ik906\AppData\Local\Temp\ccCp4LlE.o
                0xbfc00000                _reset
 *(.reset.startup)
 .reset.startup
                0xbfc00008      0x194 C:\Users\ik906\AppData\Local\Temp\ccCp4LlE.o
                0xbfc00008                _startup

.bev_excpt      0xbfc00380       0x10
 *(.bev_handler)
 .bev_handler   0xbfc00380       0x10 C:\Users\ik906\AppData\Local\Temp\ccCp4LlE.o

.dbg_excpt      0xbfc00480        0x0
                0xbfc00480                . = (. + DEFINED (_DEBUGGER)?0x8:0x0)

.dbg_code       0xbfc02000        0x0
                0xbfc02000                . = (. + DEFINED (_DEBUGGER)?_DBG_CODE_SIZE:0x0)

.app_excpt      0x9fc01180       0x10
 *(.gen_handler)
 .gen_handler   0x9fc01180       0x10 C:\Users\ik906\AppData\Local\Temp\ccCp4LlE.o

.vector_0       0x9fc01200        0x8
 *(.vector_0)
 .vector_0      0x9fc01200        0x8 c:/program files (x86)/microchip/xc32/v2.20/bin/bin/../../lib/gcc/pic32mx/4.8.3/../../../../pic32mx/lib\libpic32.a(vector0.o)
                0x9fc01200                __vector_dispatch_0
                0x00000001                ASSERT (((_vector_spacing == 0x0) || (SIZEOF (.vector_0) <= (_vector_spacing << 0x5))), function at exception vector 0 too large)

.vector_1       0x9fc01220        0x8
 *(.vector_1)
 .vector_1      0x9fc01220        0x8 build/default/production/_ext/12131622/port.o
                0x9fc01220                __vector_dispatch_1
                0x00000001                ASSERT (((_vector_spacing == 0x0) || (SIZEOF (.vector_1) <= (_vector_spacing << 0x5))), function at exception vector 1 too large)

.vector_2       0x9fc01240        0x8
 *(.vector_2)
 .vector_2      0x9fc01240        0x8 c:/program files (x86)/microchip/xc32/v2.20/bin/bin/../../lib/gcc/pic32mx/4.8.3/../../../../pic32mx/lib\libpic32.a(vector2.o)
                0x9fc01240                __vector_dispatch_2
                0x00000001                ASSERT (((_vector_spacing == 0x0) || (SIZEOF (.vector_2) <= (_vector_spacing << 0x5))), function at exception vector 2 too large)

.vector_3       0x9fc01260        0x8
 *(.vector_3)
 .vector_3      0x9fc01260        0x8 c:/program files (x86)/microchip/xc32/v2.20/bin/bin/../../lib/gcc/pic32mx/4.8.3/../../../../pic32mx/lib\libpic32.a(vector3.o)
                0x9fc01260                __vector_dispatch_3
                0x00000001                ASSERT (((_vector_spacing == 0x0) || (SIZEOF (.vector_3) <= (_vector_spacing << 0x5))), function at exception vector 3 too large)

.vector_4       0x9fc01280        0x8
 *(.vector_4)
 .vector_4      0x9fc01280        0x8 build/default/production/_ext/12131622/port.o
                0x9fc01280                __vector_dispatch_4
                0x00000001                ASSERT (((_vector_spacing == 0x0) || (SIZEOF (.vector_4) <= (_vector_spacing << 0x5))), function at exception vector 4 too large)

.vector_5       0x9fc012a0       0x10
 *(.vector_5)
 .vector_5      0x9fc012a0       0x10 build/default/production/_ext/1688732426/system_interrupt_a.o
                0x9fc012a0                __vector_dispatch_5
                0x00000001                ASSERT (((_vector_spacing == 0x0) || (SIZEOF (.vector_5) <= (_vector_spacing << 0x5))), function at exception vector 5 too large)

.vector_6       0x9fc012c0        0x8
 *(.vector_6)
 .vector_6      0x9fc012c0        0x8 c:/program files (x86)/microchip/xc32/v2.20/bin/bin/../../lib/gcc/pic32mx/4.8.3/../../../../pic32mx/lib\libpic32.a(vector6.o)
                0x9fc012c0                __vector_dispatch_6
                0x00000001                ASSERT (((_vector_spacing == 0x0) || (SIZEOF (.vector_6) <= (_vector_spacing << 0x5))), function at exception vector 6 too large)

.vector_7       0x9fc012e0        0x8
 *(.vector_7)
 .vector_7      0x9fc012e0        0x8 c:/program files (x86)/microchip/xc32/v2.20/bin/bin/../../lib/gcc/pic32mx/4.8.3/../../../../pic32mx/lib\libpic32.a(vector7.o)
                0x9fc012e0                __vector_dispatch_7
                0x00000001                ASSERT (((_vector_spacing == 0x0) || (SIZEOF (.vector_7) <= (_vector_spacing << 0x5))), function at exception vector 7 too large)

.vector_8       0x9fc01300       0x10
 *(.vector_8)
 .vector_8      0x9fc01300       0x10 build/default/production/_ext/1688732426/system_interrupt_a.o
                0x9fc01300                __vector_dispatch_8
                0x00000001                ASSERT (((_vector_spacing == 0x0) || (SIZEOF (.vector_8) <= (_vector_spacing << 0x5))), function at exception vector 8 too large)

.vector_9       0x9fc01320        0x8
 *(.vector_9)
 .vector_9      0x9fc01320        0x8 c:/program files (x86)/microchip/xc32/v2.20/bin/bin/../../lib/gcc/pic32mx/4.8.3/../../../../pic32mx/lib\libpic32.a(vector9.o)
                0x9fc01320                __vector_dispatch_9
                0x00000001                ASSERT (((_vector_spacing == 0x0) || (SIZEOF (.vector_9) <= (_vector_spacing << 0x5))), function at exception vector 9 too large)

.vector_10      0x9fc01340        0x8
 *(.vector_10)
 .vector_10     0x9fc01340        0x8 c:/program files (x86)/microchip/xc32/v2.20/bin/bin/../../lib/gcc/pic32mx/4.8.3/../../../../pic32mx/lib\libpic32.a(vector10.o)
                0x9fc01340                __vector_dispatch_10
                0x00000001                ASSERT (((_vector_spacing == 0x0) || (SIZEOF (.vector_10) <= (_vector_spacing << 0x5))), function at exception vector 10 too large)

.vector_11      0x9fc01360        0x8
 *(.vector_11)
 .vector_11     0x9fc01360        0x8 c:/program files (x86)/microchip/xc32/v2.20/bin/bin/../../lib/gcc/pic32mx/4.8.3/../../../../pic32mx/lib\libpic32.a(vector11.o)
                0x9fc01360                __vector_dispatch_11
                0x00000001                ASSERT (((_vector_spacing == 0x0) || (SIZEOF (.vector_11) <= (_vector_spacing << 0x5))), function at exception vector 11 too large)

.vector_12      0x9fc01380       0x10
 *(.vector_12)
 .vector_12     0x9fc01380       0x10 build/default/production/_ext/1688732426/system_interrupt_a.o
                0x9fc01380                __vector_dispatch_12
                0x00000001                ASSERT (((_vector_spacing == 0x0) || (SIZEOF (.vector_12) <= (_vector_spacing << 0x5))), function at exception vector 12 too large)

.vector_13      0x9fc013a0        0x8
 *(.vector_13)
 .vector_13     0x9fc013a0        0x8 c:/program files (x86)/microchip/xc32/v2.20/bin/bin/../../lib/gcc/pic32mx/4.8.3/../../../../pic32mx/lib\libpic32.a(vector13.o)
                0x9fc013a0                __vector_dispatch_13
                0x00000001                ASSERT (((_vector_spacing == 0x0) || (SIZEOF (.vector_13) <= (_vector_spacing << 0x5))), function at exception vector 13 too large)

.vector_14      0x9fc013c0        0x8
 *(.vector_14)
 .vector_14     0x9fc013c0        0x8 c:/program files (x86)/microchip/xc32/v2.20/bin/bin/../../lib/gcc/pic32mx/4.8.3/../../../../pic32mx/lib\libpic32.a(vector14.o)
                0x9fc013c0                __vector_dispatch_14
                0x00000001                ASSERT (((_vector_spacing == 0x0) || (SIZEOF (.vector_14) <= (_vector_spacing << 0x5))), function at exception vector 14 too large)

.vector_15      0x9fc013e0        0x8
 *(.vector_15)
 .vector_15     0x9fc013e0        0x8 c:/program files (x86)/microchip/xc32/v2.20/bin/bin/../../lib/gcc/pic32mx/4.8.3/../../../../pic32mx/lib\libpic32.a(vector15.o)
                0x9fc013e0                __vector_dispatch_15
                0x00000001                ASSERT (((_vector_spacing == 0x0) || (SIZEOF (.vector_15) <= (_vector_spacing << 0x5))), function at exception vector 15 too large)

.vector_16      0x9fc01400        0x8
 *(.vector_16)
 .vector_16     0x9fc01400        0x8 c:/program files (x86)/microchip/xc32/v2.20/bin/bin/../../lib/gcc/pic32mx/4.8.3/../../../../pic32mx/lib\libpic32.a(vector16.o)
                0x9fc01400                __vector_dispatch_16
                0x00000001                ASSERT (((_vector_spacing == 0x0) || (SIZEOF (.vector_16) <= (_vector_spacing << 0x5))), function at exception vector 16 too large)

.vector_17      0x9fc01420        0x8
 *(.vector_17)
 .vector_17     0x9fc01420        0x8 c:/program files (x86)/microchip/xc32/v2.20/bin/bin/../../lib/gcc/pic32mx/4.8.3/../../../../pic32mx/lib\libpic32.a(vector17.o)
                0x9fc01420                __vector_dispatch_17
                0x00000001                ASSERT (((_vector_spacing == 0x0) || (SIZEOF (.vector_17) <= (_vector_spacing << 0x5))), function at exception vector 17 too large)

.vector_18      0x9fc01440        0x8
 *(.vector_18)
 .vector_18     0x9fc01440        0x8 c:/program files (x86)/microchip/xc32/v2.20/bin/bin/../../lib/gcc/pic32mx/4.8.3/../../../../pic32mx/lib\libpic32.a(vector18.o)
                0x9fc01440                __vector_dispatch_18
                0x00000001                ASSERT (((_vector_spacing == 0x0) || (SIZEOF (.vector_18) <= (_vector_spacing << 0x5))), function at exception vector 18 too large)

.vector_19      0x9fc01460        0x8
 *(.vector_19)
 .vector_19     0x9fc01460        0x8 c:/program files (x86)/microchip/xc32/v2.20/bin/bin/../../lib/gcc/pic32mx/4.8.3/../../../../pic32mx/lib\libpic32.a(vector19.o)
                0x9fc01460                __vector_dispatch_19
                0x00000001                ASSERT (((_vector_spacing == 0x0) || (SIZEOF (.vector_19) <= (_vector_spacing << 0x5))), function at exception vector 19 too large)

.vector_20      0x9fc01480        0x8
 *(.vector_20)
 .vector_20     0x9fc01480        0x8 c:/program files (x86)/microchip/xc32/v2.20/bin/bin/../../lib/gcc/pic32mx/4.8.3/../../../../pic32mx/lib\libpic32.a(vector20.o)
                0x9fc01480                __vector_dispatch_20
                0x00000001                ASSERT (((_vector_spacing == 0x0) || (SIZEOF (.vector_20) <= (_vector_spacing << 0x5))), function at exception vector 20 too large)

.vector_21      0x9fc014a0        0x8
 *(.vector_21)
 .vector_21     0x9fc014a0        0x8 c:/program files (x86)/microchip/xc32/v2.20/bin/bin/../../lib/gcc/pic32mx/4.8.3/../../../../pic32mx/lib\libpic32.a(vector21.o)
                0x9fc014a0                __vector_dispatch_21
                0x00000001                ASSERT (((_vector_spacing == 0x0) || (SIZEOF (.vector_21) <= (_vector_spacing << 0x5))), function at exception vector 21 too large)

.vector_22      0x9fc014c0        0x8
 *(.vector_22)
 .vector_22     0x9fc014c0        0x8 c:/program files (x86)/microchip/xc32/v2.20/bin/bin/../../lib/gcc/pic32mx/4.8.3/../../../../pic32mx/lib\libpic32.a(vector22.o)
                0x9fc014c0                __vector_dispatch_22
                0x00000001                ASSERT (((_vector_spacing == 0x0) || (SIZEOF (.vector_22) <= (_vector_spacing << 0x5))), function at exception vector 22 too large)

.vector_23      0x9fc014e0        0x8
 *(.vector_23)
 .vector_23     0x9fc014e0        0x8 c:/program files (x86)/microchip/xc32/v2.20/bin/bin/../../lib/gcc/pic32mx/4.8.3/../../../../pic32mx/lib\libpic32.a(vector23.o)
                0x9fc014e0                __vector_dispatch_23
                0x00000001                ASSERT (((_vector_spacing == 0x0) || (SIZEOF (.vector_23) <= (_vector_spacing << 0x5))), function at exception vector 23 too large)

.vector_24      0x9fc01500        0x8
 *(.vector_24)
 .vector_24     0x9fc01500        0x8 c:/program files (x86)/microchip/xc32/v2.20/bin/bin/../../lib/gcc/pic32mx/4.8.3/../../../../pic32mx/lib\libpic32.a(vector24.o)
                0x9fc01500                __vector_dispatch_24
                0x00000001                ASSERT (((_vector_spacing == 0x0) || (SIZEOF (.vector_24) <= (_vector_spacing << 0x5))), function at exception vector 24 too large)

.vector_25      0x9fc01520        0x8
 *(.vector_25)
 .vector_25     0x9fc01520        0x8 c:/program files (x86)/microchip/xc32/v2.20/bin/bin/../../lib/gcc/pic32mx/4.8.3/../../../../pic32mx/lib\libpic32.a(vector25.o)
                0x9fc01520                __vector_dispatch_25
                0x00000001                ASSERT (((_vector_spacing == 0x0) || (SIZEOF (.vector_25) <= (_vector_spacing << 0x5))), function at exception vector 25 too large)

.vector_26      0x9fc01540        0x8
 *(.vector_26)
 .vector_26     0x9fc01540        0x8 c:/program files (x86)/microchip/xc32/v2.20/bin/bin/../../lib/gcc/pic32mx/4.8.3/../../../../pic32mx/lib\libpic32.a(vector26.o)
                0x9fc01540                __vector_dispatch_26
                0x00000001                ASSERT (((_vector_spacing == 0x0) || (SIZEOF (.vector_26) <= (_vector_spacing << 0x5))), function at exception vector 26 too large)

.vector_27      0x9fc01560        0x8
 *(.vector_27)
 .vector_27     0x9fc01560        0x8 c:/program files (x86)/microchip/xc32/v2.20/bin/bin/../../lib/gcc/pic32mx/4.8.3/../../../../pic32mx/lib\libpic32.a(vector27.o)
                0x9fc01560                __vector_dispatch_27
                0x00000001                ASSERT (((_vector_spacing == 0x0) || (SIZEOF (.vector_27) <= (_vector_spacing << 0x5))), function at exception vector 27 too large)

.vector_28      0x9fc01580        0x8
 *(.vector_28)
 .vector_28     0x9fc01580        0x8 c:/program files (x86)/microchip/xc32/v2.20/bin/bin/../../lib/gcc/pic32mx/4.8.3/../../../../pic32mx/lib\libpic32.a(vector28.o)
                0x9fc01580                __vector_dispatch_28
                0x00000001                ASSERT (((_vector_spacing == 0x0) || (SIZEOF (.vector_28) <= (_vector_spacing << 0x5))), function at exception vector 28 too large)

.vector_29      0x9fc015a0        0x8
 *(.vector_29)
 .vector_29     0x9fc015a0        0x8 c:/program files (x86)/microchip/xc32/v2.20/bin/bin/../../lib/gcc/pic32mx/4.8.3/../../../../pic32mx/lib\libpic32.a(vector29.o)
                0x9fc015a0                __vector_dispatch_29
                0x00000001                ASSERT (((_vector_spacing == 0x0) || (SIZEOF (.vector_29) <= (_vector_spacing << 0x5))), function at exception vector 29 too large)

.vector_30      0x9fc015c0        0x8
 *(.vector_30)
 .vector_30     0x9fc015c0        0x8 c:/program files (x86)/microchip/xc32/v2.20/bin/bin/../../lib/gcc/pic32mx/4.8.3/../../../../pic32mx/lib\libpic32.a(vector30.o)
                0x9fc015c0                __vector_dispatch_30
                0x00000001                ASSERT (((_vector_spacing == 0x0) || (SIZEOF (.vector_30) <= (_vector_spacing << 0x5))), function at exception vector 30 too large)

.vector_31      0x9fc015e0        0x8
 *(.vector_31)
 .vector_31     0x9fc015e0        0x8 c:/program files (x86)/microchip/xc32/v2.20/bin/bin/../../lib/gcc/pic32mx/4.8.3/../../../../pic32mx/lib\libpic32.a(vector31.o)
                0x9fc015e0                __vector_dispatch_31
                0x00000001                ASSERT (((_vector_spacing == 0x0) || (SIZEOF (.vector_31) <= (_vector_spacing << 0x5))), function at exception vector 31 too large)

.vector_32      0x9fc01600        0x8
 *(.vector_32)
 .vector_32     0x9fc01600        0x8 c:/program files (x86)/microchip/xc32/v2.20/bin/bin/../../lib/gcc/pic32mx/4.8.3/../../../../pic32mx/lib\libpic32.a(vector32.o)
                0x9fc01600                __vector_dispatch_32
                0x00000001                ASSERT (((_vector_spacing == 0x0) || (SIZEOF (.vector_32) <= (_vector_spacing << 0x5))), function at exception vector 32 too large)

.vector_33      0x9fc01620        0x8
 *(.vector_33)
 .vector_33     0x9fc01620        0x8 c:/program files (x86)/microchip/xc32/v2.20/bin/bin/../../lib/gcc/pic32mx/4.8.3/../../../../pic32mx/lib\libpic32.a(vector33.o)
                0x9fc01620                __vector_dispatch_33
                0x00000001                ASSERT (((_vector_spacing == 0x0) || (SIZEOF (.vector_33) <= (_vector_spacing << 0x5))), function at exception vector 33 too large)

.vector_34      0x9fc01640        0x8
 *(.vector_34)
 .vector_34     0x9fc01640        0x8 c:/program files (x86)/microchip/xc32/v2.20/bin/bin/../../lib/gcc/pic32mx/4.8.3/../../../../pic32mx/lib\libpic32.a(vector34.o)
                0x9fc01640                __vector_dispatch_34
                0x00000001                ASSERT (((_vector_spacing == 0x0) || (SIZEOF (.vector_34) <= (_vector_spacing << 0x5))), function at exception vector 34 too large)

.vector_35      0x9fc01660        0x8
 *(.vector_35)
 .vector_35     0x9fc01660        0x8 c:/program files (x86)/microchip/xc32/v2.20/bin/bin/../../lib/gcc/pic32mx/4.8.3/../../../../pic32mx/lib\libpic32.a(vector35.o)
                0x9fc01660                __vector_dispatch_35
                0x00000001                ASSERT (((_vector_spacing == 0x0) || (SIZEOF (.vector_35) <= (_vector_spacing << 0x5))), function at exception vector 35 too large)

.vector_36      0x9fc01680        0x8
 *(.vector_36)
 .vector_36     0x9fc01680        0x8 c:/program files (x86)/microchip/xc32/v2.20/bin/bin/../../lib/gcc/pic32mx/4.8.3/../../../../pic32mx/lib\libpic32.a(vector36.o)
                0x9fc01680                __vector_dispatch_36
                0x00000001                ASSERT (((_vector_spacing == 0x0) || (SIZEOF (.vector_36) <= (_vector_spacing << 0x5))), function at exception vector 36 too large)

.vector_37      0x9fc016a0        0x8
 *(.vector_37)
 .vector_37     0x9fc016a0        0x8 c:/program files (x86)/microchip/xc32/v2.20/bin/bin/../../lib/gcc/pic32mx/4.8.3/../../../../pic32mx/lib\libpic32.a(vector37.o)
                0x9fc016a0                __vector_dispatch_37
                0x00000001                ASSERT (((_vector_spacing == 0x0) || (SIZEOF (.vector_37) <= (_vector_spacing << 0x5))), function at exception vector 37 too large)

.vector_38      0x9fc016c0        0x8
 *(.vector_38)
 .vector_38     0x9fc016c0        0x8 c:/program files (x86)/microchip/xc32/v2.20/bin/bin/../../lib/gcc/pic32mx/4.8.3/../../../../pic32mx/lib\libpic32.a(vector38.o)
                0x9fc016c0                __vector_dispatch_38
                0x00000001                ASSERT (((_vector_spacing == 0x0) || (SIZEOF (.vector_38) <= (_vector_spacing << 0x5))), function at exception vector 38 too large)

.vector_39      0x9fc016e0        0x8
 *(.vector_39)
 .vector_39     0x9fc016e0        0x8 c:/program files (x86)/microchip/xc32/v2.20/bin/bin/../../lib/gcc/pic32mx/4.8.3/../../../../pic32mx/lib\libpic32.a(vector39.o)
                0x9fc016e0                __vector_dispatch_39
                0x00000001                ASSERT (((_vector_spacing == 0x0) || (SIZEOF (.vector_39) <= (_vector_spacing << 0x5))), function at exception vector 39 too large)

.vector_40      0x9fc01700        0x8
 *(.vector_40)
 .vector_40     0x9fc01700        0x8 c:/program files (x86)/microchip/xc32/v2.20/bin/bin/../../lib/gcc/pic32mx/4.8.3/../../../../pic32mx/lib\libpic32.a(vector40.o)
                0x9fc01700                __vector_dispatch_40
                0x00000001                ASSERT (((_vector_spacing == 0x0) || (SIZEOF (.vector_40) <= (_vector_spacing << 0x5))), function at exception vector 40 too large)

.vector_41      0x9fc01720        0x8
 *(.vector_41)
 .vector_41     0x9fc01720        0x8 c:/program files (x86)/microchip/xc32/v2.20/bin/bin/../../lib/gcc/pic32mx/4.8.3/../../../../pic32mx/lib\libpic32.a(vector41.o)
                0x9fc01720                __vector_dispatch_41
                0x00000001                ASSERT (((_vector_spacing == 0x0) || (SIZEOF (.vector_41) <= (_vector_spacing << 0x5))), function at exception vector 41 too large)

.vector_42      0x9fc01740        0x8
 *(.vector_42)
 .vector_42     0x9fc01740        0x8 c:/program files (x86)/microchip/xc32/v2.20/bin/bin/../../lib/gcc/pic32mx/4.8.3/../../../../pic32mx/lib\libpic32.a(vector42.o)
                0x9fc01740                __vector_dispatch_42
                0x00000001                ASSERT (((_vector_spacing == 0x0) || (SIZEOF (.vector_42) <= (_vector_spacing << 0x5))), function at exception vector 42 too large)

.vector_43      0x9fc01760        0x8
 *(.vector_43)
 .vector_43     0x9fc01760        0x8 c:/program files (x86)/microchip/xc32/v2.20/bin/bin/../../lib/gcc/pic32mx/4.8.3/../../../../pic32mx/lib\libpic32.a(vector43.o)
                0x9fc01760                __vector_dispatch_43
                0x00000001                ASSERT (((_vector_spacing == 0x0) || (SIZEOF (.vector_43) <= (_vector_spacing << 0x5))), function at exception vector 43 too large)

.vector_44      0x9fc01780        0x8
 *(.vector_44)
 .vector_44     0x9fc01780        0x8 c:/program files (x86)/microchip/xc32/v2.20/bin/bin/../../lib/gcc/pic32mx/4.8.3/../../../../pic32mx/lib\libpic32.a(vector44.o)
                0x9fc01780                __vector_dispatch_44
                0x00000001                ASSERT (((_vector_spacing == 0x0) || (SIZEOF (.vector_44) <= (_vector_spacing << 0x5))), function at exception vector 44 too large)

.vector_45      0x9fc017a0        0x8
 *(.vector_45)
 .vector_45     0x9fc017a0        0x8 c:/program files (x86)/microchip/xc32/v2.20/bin/bin/../../lib/gcc/pic32mx/4.8.3/../../../../pic32mx/lib\libpic32.a(vector45.o)
                0x9fc017a0                __vector_dispatch_45
                0x00000001                ASSERT (((_vector_spacing == 0x0) || (SIZEOF (.vector_45) <= (_vector_spacing << 0x5))), function at exception vector 45 too large)

.vector_46      0x9fc017c0        0x8
 *(.vector_46)
 .vector_46     0x9fc017c0        0x8 c:/program files (x86)/microchip/xc32/v2.20/bin/bin/../../lib/gcc/pic32mx/4.8.3/../../../../pic32mx/lib\libpic32.a(vector46.o)
                0x9fc017c0                __vector_dispatch_46
                0x00000001                ASSERT (((_vector_spacing == 0x0) || (SIZEOF (.vector_46) <= (_vector_spacing << 0x5))), function at exception vector 46 too large)

.vector_47      0x9fc017e0        0x8
 *(.vector_47)
 .vector_47     0x9fc017e0        0x8 c:/program files (x86)/microchip/xc32/v2.20/bin/bin/../../lib/gcc/pic32mx/4.8.3/../../../../pic32mx/lib\libpic32.a(vector47.o)
                0x9fc017e0                __vector_dispatch_47
                0x00000001                ASSERT (((_vector_spacing == 0x0) || (SIZEOF (.vector_47) <= (_vector_spacing << 0x5))), function at exception vector 47 too large)

.vector_48      0x9fc01800        0x8
 *(.vector_48)
 .vector_48     0x9fc01800        0x8 c:/program files (x86)/microchip/xc32/v2.20/bin/bin/../../lib/gcc/pic32mx/4.8.3/../../../../pic32mx/lib\libpic32.a(vector48.o)
                0x9fc01800                __vector_dispatch_48
                0x00000001                ASSERT (((_vector_spacing == 0x0) || (SIZEOF (.vector_48) <= (_vector_spacing << 0x5))), function at exception vector 48 too large)

.vector_49      0x9fc01820        0x8
 *(.vector_49)
 .vector_49     0x9fc01820        0x8 c:/program files (x86)/microchip/xc32/v2.20/bin/bin/../../lib/gcc/pic32mx/4.8.3/../../../../pic32mx/lib\libpic32.a(vector49.o)
                0x9fc01820                __vector_dispatch_49
                0x00000001                ASSERT (((_vector_spacing == 0x0) || (SIZEOF (.vector_49) <= (_vector_spacing << 0x5))), function at exception vector 49 too large)

.vector_50      0x9fc01840        0x8
 *(.vector_50)
 .vector_50     0x9fc01840        0x8 c:/program files (x86)/microchip/xc32/v2.20/bin/bin/../../lib/gcc/pic32mx/4.8.3/../../../../pic32mx/lib\libpic32.a(vector50.o)
                0x9fc01840                __vector_dispatch_50
                0x00000001                ASSERT (((_vector_spacing == 0x0) || (SIZEOF (.vector_50) <= (_vector_spacing << 0x5))), function at exception vector 50 too large)

.vector_51      0x9fc01860        0x8
 *(.vector_51)
 .vector_51     0x9fc01860        0x8 c:/program files (x86)/microchip/xc32/v2.20/bin/bin/../../lib/gcc/pic32mx/4.8.3/../../../../pic32mx/lib\libpic32.a(vector51.o)
                0x9fc01860                __vector_dispatch_51
                0x00000001                ASSERT (((_vector_spacing == 0x0) || (SIZEOF (.vector_51) <= (_vector_spacing << 0x5))), function at exception vector 51 too large)

.vector_52      0x9fc01880        0x0
 *(.vector_52)
                0x00000001                ASSERT (((_vector_spacing == 0x0) || (SIZEOF (.vector_52) <= (_vector_spacing << 0x5))), function at exception vector 52 too large)

.vector_53      0x9fc018a0        0x0
 *(.vector_53)
                0x00000001                ASSERT (((_vector_spacing == 0x0) || (SIZEOF (.vector_53) <= (_vector_spacing << 0x5))), function at exception vector 53 too large)

.vector_54      0x9fc018c0        0x0
 *(.vector_54)
                0x00000001                ASSERT (((_vector_spacing == 0x0) || (SIZEOF (.vector_54) <= (_vector_spacing << 0x5))), function at exception vector 54 too large)

.vector_55      0x9fc018e0        0x0
 *(.vector_55)
                0x00000001                ASSERT (((_vector_spacing == 0x0) || (SIZEOF (.vector_55) <= (_vector_spacing << 0x5))), function at exception vector 55 too large)

.vector_56      0x9fc01900        0x0
 *(.vector_56)
                0x00000001                ASSERT (((_vector_spacing == 0x0) || (SIZEOF (.vector_56) <= (_vector_spacing << 0x5))), function at exception vector 56 too large)

.vector_57      0x9fc01920        0x0
 *(.vector_57)
                0x00000001                ASSERT (((_vector_spacing == 0x0) || (SIZEOF (.vector_57) <= (_vector_spacing << 0x5))), function at exception vector 57 too large)

.vector_58      0x9fc01940        0x0
 *(.vector_58)
                0x00000001                ASSERT (((_vector_spacing == 0x0) || (SIZEOF (.vector_58) <= (_vector_spacing << 0x5))), function at exception vector 58 too large)

.vector_59      0x9fc01960        0x0
 *(.vector_59)
                0x00000001                ASSERT (((_vector_spacing == 0x0) || (SIZEOF (.vector_59) <= (_vector_spacing << 0x5))), function at exception vector 59 too large)

.vector_60      0x9fc01980        0x0
 *(.vector_60)
                0x00000001                ASSERT (((_vector_spacing == 0x0) || (SIZEOF (.vector_60) <= (_vector_spacing << 0x5))), function at exception vector 60 too large)

.vector_61      0x9fc019a0        0x0
 *(.vector_61)
                0x00000001                ASSERT (((_vector_spacing == 0x0) || (SIZEOF (.vector_61) <= (_vector_spacing << 0x5))), function at exception vector 61 too large)

.vector_62      0x9fc019c0        0x0
 *(.vector_62)
                0x00000001                ASSERT (((_vector_spacing == 0x0) || (SIZEOF (.vector_62) <= (_vector_spacing << 0x5))), function at exception vector 62 too large)

.vector_63      0x9fc019e0        0x0
 *(.vector_63)
                0x00000001                ASSERT (((_vector_spacing == 0x0) || (SIZEOF (.vector_63) <= (_vector_spacing << 0x5))), function at exception vector 63 too large)

.startup
 *(.startup)

.text           0x9d000000        0x0
 *(.stub .gnu.linkonce.t.*)
 *(.text.*personality*)
 *(.mips16.fn.*)
 *(.mips16.call.*)
 *(.gnu.warning)
                0x9d000000                . = ALIGN (0x4)

.init           0x9d000000        0x0
 *crti.o(.init)
 *crtbegin.o(.init)
 *(EXCLUDE_FILE(*crtn.o *crtend?.o *crtend.o) .init)
 *crtend.o(.init)
 *crtn.o(.init)
                0x9d000000                . = ALIGN (0x4)

.fini           0x9d000000        0x0
 *(.fini)
                0x9d000000                . = ALIGN (0x4)

.preinit_array  0x9d000000        0x0
                0x9d000000                PROVIDE (__preinit_array_start, .)
 *(.preinit_array)
                0x9d000000                PROVIDE (__preinit_array_end, .)
                0x9d000000                . = ALIGN (0x4)

.init_array     0x9d000000        0x0
                0x9d000000                PROVIDE (__init_array_start, .)
 *(SORT(.init_array.*))
 *(.init_array)
                0x9d000000                PROVIDE (__init_array_end, .)
                0x9d000000                . = ALIGN (0x4)

.fini_array     0x9d000000        0x0
                0x9d000000                PROVIDE (__fini_array_start, .)
 *(SORT(.fini_array.*))
 *(.fini_array)
                0x9d000000                PROVIDE (__fini_array_end, .)
                0x9d000000                . = ALIGN (0x4)

.ctors          0x9d000000        0x0
 *crtbegin.o(.ctors)
 *crtbegin?.o(.ctors)
 *(EXCLUDE_FILE(*crtend?.o *crtend.o) .ctors)
 *(SORT(.ctors.*))
 *(.ctors)
                0x9d000000                . = ALIGN (0x4)

.dtors          0x9d000000        0x0
 *crtbegin.o(.dtors)
 *crtbegin?.o(.dtors)
 *(EXCLUDE_FILE(*crtend?.o *crtend.o) .dtors)
 *(SORT(.dtors.*))
 *(.dtors)
                0x9d000000                . = ALIGN (0x4)

.rodata         0x9d000000        0x0
 *(.gnu.linkonce.r.*)
 *(.rodata1)
                0x9d000000                . = ALIGN (0x4)

.sdata2         0x9fc00490        0x0
 *(.sdata2 .sdata2.* .gnu.linkonce.s2.*)
                0x9fc00490                . = ALIGN (0x4)

.sbss2          0x9fc00490        0x0
 *(.sbss2 .sbss2.* .gnu.linkonce.sb2.*)
                0x9fc00490                . = ALIGN (0x4)

.eh_frame_hdr
 *(.eh_frame_hdr)
                0x9fc00490                . = ALIGN (0x4)

.eh_frame
 *(.eh_frame)
                0x9fc00490                . = ALIGN (0x4)

.gcc_except_table
 *(.gcc_except_table .gcc_except_table.*)
                0x9fc00490                . = ALIGN (0x4)

.dbg_data       0xa0000000        0x0
                0xa0000000                . = (. + DEFINED (_DEBUGGER)?0x200:0x0)

.jcr            0xa0000000        0x0
 *(.jcr)
                0xa0000000                . = ALIGN (0x4)

.eh_frame
 *(.eh_frame)
                0xa0000000                . = ALIGN (0x4)

.gcc_except_table
 *(.gcc_except_table .gcc_except_table.*)
                0xa0000000                . = ALIGN (0x4)

.persist        0xa0000000        0x0
                0xa0000000                _persist_begin = .
 *(.persist .persist.*)
 *(.pbss .pbss.*)
                0xa0000000                . = ALIGN (0x4)
                0xa0000000                _persist_end = .

.data           0xa0000000        0x0
 *(.gnu.linkonce.d.*)
 *(.data1)
                0xa0000000                . = ALIGN (0x4)
                0xa0000000                . = .
                0xa0007ff0                _gp = (ALIGN (0x10) + 0x7ff0)

.got            0xa0000000        0x0
 *(.got.plt)
 *(.got)
                0xa0000000                . = ALIGN (0x4)

.sdata          0xa0000000        0x4
                0xa0000000                _sdata_begin = .
 *(.sdata .sdata.* .gnu.linkonce.s.*)
 .sdata         0xa0000000        0x4 build/default/production/_ext/12131622/port.o
                0xa0000000                uxInterruptNesting
                0xa0000004                . = ALIGN (0x4)
                0xa0000004                _sdata_end = .

.lit8
 *(.lit8)

.lit4
 *(.lit4)
                0xa0000004                . = ALIGN (0x4)
                0xa0000004                _data_end = .
                0xa0000004                _bss_begin = .

.sbss           0xa0000004       0x6c
                0xa0000004                _sbss_begin = .
 *(.dynsbss)
 *(.sbss .sbss.* .gnu.linkonce.sb.*)
 .sbss          0xa0000004       0x3c build/default/production/_ext/1128951024/tasks.o
                0xa000003c                pxCurrentTCB
 .sbss          0xa0000040        0x8 build/default/production/_ext/1856876499/heap_1.o
 .sbss          0xa0000048        0x4 build/default/production/_ext/12131622/port.o
                0xa0000048                uxSavedTaskStackPointer
 .sbss          0xa000004c        0x2 build/default/production/_ext/1407244131/drv_tmr_static.o
 *fill*         0xa000004e        0x2 
 .sbss          0xa0000050        0xc build/default/production/_ext/1688732426/system_exceptions.o
 *(.scommon)
 .scommon       0xa000005c        0x4 build/default/production/_ext/1360937237/app.o
                0xa000005c                appData
 .scommon       0xa0000060        0x4 build/default/production/_ext/1360937237/app1.o
                0xa0000060                app1Data
 .scommon       0xa0000064        0x4 build/default/production/_ext/1360937237/app2.o
                0xa0000064                app2Data
 .scommon       0xa0000068        0x8 build/default/production/_ext/340578644/sys_devcon.o
                0xa0000068                sysDevconObj
                0xa0000070                _sbss_end = .
                0xa0000070                . = ALIGN (0x4)

.bss            0xa0000070        0xc
 *(.dynbss)
 *(COMMON)
 COMMON         0xa0000070        0xc build/default/production/_ext/1688732426/system_init.o
                0xa0000070                sysObj
                0xa000007c                . = ALIGN ((. != 0x0)?0x4:0x1)
                0xa000007c                . = ALIGN (0x4)
                0xa000007c                _end = .
                0xa000007c                _bss_end = .
                0x00020000                _bmxdudba_address = 0x20000
                0x00020000                _bmxdupba_address = 0x20000

/DISCARD/
 *(.pdr)
 *(.rel.dyn)
 *(.note.GNU-stack)
 *(.note.GNU-stack)
 *(.gnu_debuglink)
 *(.gnu.lto_*)
 *(.discard)

.gptab.sdata
 *(.gptab.data)
 *(.gptab.sdata)

.gptab.sbss
 *(.gptab.bss)
 *(.gptab.sbss)

.mdebug.abi32   0xa000007c        0x0
 *(.mdebug.abi32)
 .mdebug.abi32  0xa000007c        0x0 build/default/production/_ext/1360937237/app.o
 .mdebug.abi32  0xa000007c        0x0 build/default/production/_ext/1360937237/main.o
 .mdebug.abi32  0xa000007c        0x0 build/default/production/_ext/1360937237/app1.o
 .mdebug.abi32  0xa000007c        0x0 build/default/production/_ext/1360937237/app2.o
 .mdebug.abi32  0xa000007c        0x0 build/default/production/_ext/24337685/osal_freertos.o
 .mdebug.abi32  0xa000007c        0x0 build/default/production/_ext/272526352/sample_module.o
 .mdebug.abi32  0xa000007c        0x0 build/default/production/_ext/122796885/sys_int_pic32.o
 .mdebug.abi32  0xa000007c        0x0 build/default/production/_ext/1128951024/croutine.o
 .mdebug.abi32  0xa000007c        0x0 build/default/production/_ext/1128951024/list.o
 .mdebug.abi32  0xa000007c        0x0 build/default/production/_ext/1128951024/queue.o
 .mdebug.abi32  0xa000007c        0x0 build/default/production/_ext/1128951024/tasks.o
 .mdebug.abi32  0xa000007c        0x0 build/default/production/_ext/1128951024/timers.o
 .mdebug.abi32  0xa000007c        0x0 build/default/production/_ext/1128951024/event_groups.o
 .mdebug.abi32  0xa000007c        0x0 build/default/production/_ext/1128951024/stream_buffer.o
 .mdebug.abi32  0xa000007c        0x0 build/default/production/_ext/1856876499/heap_1.o
 .mdebug.abi32  0xa000007c        0x0 build/default/production/_ext/12131622/port.o
 .mdebug.abi32  0xa000007c        0x0 build/default/production/_ext/875444448/drv_ic_mapping.o
 .mdebug.abi32  0xa000007c        0x0 build/default/production/_ext/875444448/drv_ic_static.o
 .mdebug.abi32  0xa000007c        0x0 build/default/production/_ext/1407244131/drv_tmr_static.o
 .mdebug.abi32  0xa000007c        0x0 build/default/production/_ext/1407244131/drv_tmr_mapping.o
 .mdebug.abi32  0xa000007c        0x0 build/default/production/_ext/639803181/sys_clk_pic32mx.o
 .mdebug.abi32  0xa000007c        0x0 build/default/production/_ext/340578644/sys_devcon.o
 .mdebug.abi32  0xa000007c        0x0 build/default/production/_ext/340578644/sys_devcon_pic32mx.o
 .mdebug.abi32  0xa000007c        0x0 build/default/production/_ext/822048611/sys_ports_static.o
 .mdebug.abi32  0xa000007c        0x0 build/default/production/_ext/74298950/bsp.o
 .mdebug.abi32  0xa000007c        0x0 build/default/production/_ext/1688732426/system_init.o
 .mdebug.abi32  0xa000007c        0x0 build/default/production/_ext/1688732426/system_interrupt.o
 .mdebug.abi32  0xa000007c        0x0 build/default/production/_ext/1688732426/system_exceptions.o
 .mdebug.abi32  0xa000007c        0x0 build/default/production/_ext/1688732426/system_tasks.o
 .mdebug.abi32  0xa000007c        0x0 build/default/production/_ext/1688732426/rtos_hooks.o
 .mdebug.abi32  0xa000007c        0x0 c:/program files (x86)/microchip/xc32/v2.20/bin/bin/../../lib/gcc/pic32mx/4.8.3/../../../../pic32mx/lib\libpic32.a(default-bootstrap-exception-handler.o)
 .mdebug.abi32  0xa000007c        0x0 c:/program files (x86)/microchip/xc32/v2.20/bin/bin/../../lib/gcc/pic32mx/4.8.3/../../../../pic32mx/lib\libpic32.a(default-on-reset.o)
 .mdebug.abi32  0xa000007c        0x0 c:/program files (x86)/microchip/xc32/v2.20/bin/bin/../../lib/gcc/pic32mx/4.8.3/../../../../pic32mx/lib\libpic32.a(default-on-bootstrap.o)
 .mdebug.abi32  0xa000007c        0x0 c:/program files (x86)/microchip/xc32/v2.20/bin/bin/../../lib/gcc/pic32mx/4.8.3/../../../../pic32mx/lib\libpic32.a(defaultinterrupt.o)

.mdebug.abiN32
 *(.mdebug.abiN32)

.mdebug.abi64
 *(.mdebug.abi64)

.mdebug.abiO64
 *(.mdebug.abiO64)

.mdebug.eabi32
 *(.mdebug.eabi32)

.mdebug.eabi64
 *(.mdebug.eabi64)

.gcc_compiled_long32
 *(.gcc_compiled_long32)

.gcc_compiled_long64
 *(.gcc_compiled_long64)

.stab
 *(.stab)

.stabstr
 *(.stabstr)

.stab.excl
 *(.stab.excl)

.stab.exclstr
 *(.stab.exclstr)

.stab.index
 *(.stab.index)

.stab.indexstr
 *(.stab.indexstr)

.comment        0x00000000       0x54
 *(.comment)
 .comment       0x00000000       0x3c build/default/production/_ext/1360937237/app.o
                                 0x3d (size before relaxing)
 .comment       0x00000000       0x3d build/default/production/_ext/1360937237/main.o
 .comment       0x00000000       0x3d build/default/production/_ext/1360937237/app1.o
 .comment       0x00000000       0x3d build/default/production/_ext/1360937237/app2.o
 .comment       0x00000000       0x3d build/default/production/_ext/24337685/osal_freertos.o
 .comment       0x00000000       0x3d build/default/production/_ext/272526352/sample_module.o
 .comment       0x00000000       0x3d build/default/production/_ext/122796885/sys_int_pic32.o
 .comment       0x00000000       0x3d build/default/production/_ext/1128951024/croutine.o
 .comment       0x00000000       0x3d build/default/production/_ext/1128951024/list.o
 .comment       0x00000000       0x3d build/default/production/_ext/1128951024/queue.o
 .comment       0x00000000       0x3d build/default/production/_ext/1128951024/tasks.o
 .comment       0x00000000       0x3d build/default/production/_ext/1128951024/timers.o
 .comment       0x00000000       0x3d build/default/production/_ext/1128951024/event_groups.o
 .comment       0x00000000       0x3d build/default/production/_ext/1128951024/stream_buffer.o
 .comment       0x00000000       0x3d build/default/production/_ext/1856876499/heap_1.o
 .comment       0x00000000       0x3d build/default/production/_ext/12131622/port.o
 .comment       0x00000000       0x3d build/default/production/_ext/875444448/drv_ic_mapping.o
 .comment       0x00000000       0x3d build/default/production/_ext/875444448/drv_ic_static.o
 .comment       0x00000000       0x3d build/default/production/_ext/1407244131/drv_tmr_static.o
 .comment       0x00000000       0x3d build/default/production/_ext/1407244131/drv_tmr_mapping.o
 .comment       0x00000000       0x3d build/default/production/_ext/639803181/sys_clk_pic32mx.o
 .comment       0x00000000       0x3d build/default/production/_ext/340578644/sys_devcon.o
 .comment       0x00000000       0x3d build/default/production/_ext/340578644/sys_devcon_pic32mx.o
 .comment       0x00000000       0x3d build/default/production/_ext/822048611/sys_ports_static.o
 .comment       0x00000000       0x3d build/default/production/_ext/74298950/bsp.o
 .comment       0x00000000       0x3d build/default/production/_ext/1688732426/system_init.o
 .comment       0x00000000       0x3d build/default/production/_ext/1688732426/system_interrupt.o
 .comment       0x00000000       0x3d build/default/production/_ext/1688732426/system_exceptions.o
 .comment       0x00000000       0x3d build/default/production/_ext/1688732426/system_tasks.o
 .comment       0x00000000       0x3d build/default/production/_ext/1688732426/rtos_hooks.o
 .comment       0x0000003c       0x18 c:/program files (x86)/microchip/xc32/v2.20/bin/bin/../../lib/gcc/pic32mx/4.8.3/../../../../pic32mx/lib\libpic32.a(memset.o)
                                 0x19 (size before relaxing)
 .comment       0x00000000       0x3d c:/program files (x86)/microchip/xc32/v2.20/bin/bin/../../lib/gcc/pic32mx/4.8.3/../../../../pic32mx/lib\libpic32.a(default-bootstrap-exception-handler.o)
 .comment       0x00000000       0x3d c:/program files (x86)/microchip/xc32/v2.20/bin/bin/../../lib/gcc/pic32mx/4.8.3/../../../../pic32mx/lib\libpic32.a(default-on-reset.o)
 .comment       0x00000000       0x3d c:/program files (x86)/microchip/xc32/v2.20/bin/bin/../../lib/gcc/pic32mx/4.8.3/../../../../pic32mx/lib\libpic32.a(default-on-bootstrap.o)
 .comment       0x00000000       0x3d c:/program files (x86)/microchip/xc32/v2.20/bin/bin/../../lib/gcc/pic32mx/4.8.3/../../../../pic32mx/lib\libpic32.a(defaultinterrupt.o)

.debug
 *(.debug)

.line
 *(.line)

.debug_srcinfo
 *(.debug_srcinfo)

.debug_sfnames
 *(.debug_sfnames)

.debug_aranges  0x00000000      0xd80
 *(.debug_aranges)
 .debug_aranges
                0x00000000       0x28 build/default/production/_ext/1360937237/app.o
 .debug_aranges
                0x00000028       0x20 build/default/production/_ext/1360937237/main.o
 .debug_aranges
                0x00000048       0x28 build/default/production/_ext/1360937237/app1.o
 .debug_aranges
                0x00000070       0x28 build/default/production/_ext/1360937237/app2.o
 .debug_aranges
                0x00000098       0x88 build/default/production/_ext/24337685/osal_freertos.o
 .debug_aranges
                0x00000120       0x58 build/default/production/_ext/272526352/sample_module.o
 .debug_aranges
                0x00000178       0x48 build/default/production/_ext/122796885/sys_int_pic32.o
 .debug_aranges
                0x000001c0       0x18 build/default/production/_ext/1128951024/croutine.o
 .debug_aranges
                0x000001d8       0x40 build/default/production/_ext/1128951024/list.o
 .debug_aranges
                0x00000218       0xc8 build/default/production/_ext/1128951024/queue.o
 .debug_aranges
                0x000002e0      0x188 build/default/production/_ext/1128951024/tasks.o
 .debug_aranges
                0x00000468       0x18 build/default/production/_ext/1128951024/timers.o
 .debug_aranges
                0x00000480       0x60 build/default/production/_ext/1128951024/event_groups.o
 .debug_aranges
                0x000004e0       0xb8 build/default/production/_ext/1128951024/stream_buffer.o
 .debug_aranges
                0x00000598       0x38 build/default/production/_ext/1856876499/heap_1.o
 .debug_aranges
                0x000005d0       0x58 build/default/production/_ext/12131622/port.o
 .debug_aranges
                0x00000628       0x20 build/default/production/_ext/12131622/port_asm.o
 .debug_aranges
                0x00000648       0x48 build/default/production/_ext/875444448/drv_ic_mapping.o
 .debug_aranges
                0x00000690       0x58 build/default/production/_ext/875444448/drv_ic_static.o
 .debug_aranges
                0x000006e8      0x158 build/default/production/_ext/1407244131/drv_tmr_static.o
 .debug_aranges
                0x00000840       0xe8 build/default/production/_ext/1407244131/drv_tmr_mapping.o
 .debug_aranges
                0x00000928       0x50 build/default/production/_ext/639803181/sys_clk_pic32mx.o
 .debug_aranges
                0x00000978       0x78 build/default/production/_ext/340578644/sys_devcon.o
 .debug_aranges
                0x000009f0       0x20 build/default/production/_ext/340578644/sys_devcon_pic32mx.o
 .debug_aranges
                0x00000a10      0x148 build/default/production/_ext/822048611/sys_ports_static.o
 .debug_aranges
                0x00000b58       0x68 build/default/production/_ext/74298950/bsp.o
 .debug_aranges
                0x00000bc0       0x20 build/default/production/_ext/1688732426/system_init.o
 .debug_aranges
                0x00000be0       0x30 build/default/production/_ext/1688732426/system_interrupt.o
 .debug_aranges
                0x00000c10       0x20 build/default/production/_ext/1688732426/system_exceptions.o
 .debug_aranges
                0x00000c30       0x48 build/default/production/_ext/1688732426/system_tasks.o
 .debug_aranges
                0x00000c78       0x48 build/default/production/_ext/1688732426/system_interrupt_a.o
 .debug_aranges
                0x00000cc0       0x40 build/default/production/_ext/1688732426/rtos_hooks.o
 .debug_aranges
                0x00000d00       0x20 c:/program files (x86)/microchip/xc32/v2.20/bin/bin/../../lib/gcc/pic32mx/4.8.3/../../../../pic32mx/lib\libpic32.a(default-bootstrap-exception-handler.o)
 .debug_aranges
                0x00000d20       0x20 c:/program files (x86)/microchip/xc32/v2.20/bin/bin/../../lib/gcc/pic32mx/4.8.3/../../../../pic32mx/lib\libpic32.a(default-on-reset.o)
 .debug_aranges
                0x00000d40       0x20 c:/program files (x86)/microchip/xc32/v2.20/bin/bin/../../lib/gcc/pic32mx/4.8.3/../../../../pic32mx/lib\libpic32.a(default-on-bootstrap.o)
 .debug_aranges
                0x00000d60       0x20 c:/program files (x86)/microchip/xc32/v2.20/bin/bin/../../lib/gcc/pic32mx/4.8.3/../../../../pic32mx/lib\libpic32.a(defaultinterrupt.o)

.debug_pubnames
 *(.debug_pubnames)

.debug_info     0x00000000    0x2872d
 *(.debug_info .gnu.linkonce.wi.*)
 .debug_info    0x00000000      0xb17 build/default/production/_ext/1360937237/app.o
 .debug_info    0x00000b17      0x1b3 build/default/production/_ext/1360937237/main.o
 .debug_info    0x00000cca      0xad6 build/default/production/_ext/1360937237/app1.o
 .debug_info    0x000017a0      0xad6 build/default/production/_ext/1360937237/app2.o
 .debug_info    0x00002276      0xa18 build/default/production/_ext/24337685/osal_freertos.o
 .debug_info    0x00002c8e     0x1f5e build/default/production/_ext/272526352/sample_module.o
 .debug_info    0x00004bec     0x157e build/default/production/_ext/122796885/sys_int_pic32.o
 .debug_info    0x0000616a      0x168 build/default/production/_ext/1128951024/croutine.o
 .debug_info    0x000062d2      0x46b build/default/production/_ext/1128951024/list.o
 .debug_info    0x0000673d     0x2193 build/default/production/_ext/1128951024/queue.o
 .debug_info    0x000088d0     0x2ecb build/default/production/_ext/1128951024/tasks.o
 .debug_info    0x0000b79b      0x166 build/default/production/_ext/1128951024/timers.o
 .debug_info    0x0000b901      0xeb6 build/default/production/_ext/1128951024/event_groups.o
 .debug_info    0x0000c7b7     0x1a8a build/default/production/_ext/1128951024/stream_buffer.o
 .debug_info    0x0000e241      0x3b1 build/default/production/_ext/1856876499/heap_1.o
 .debug_info    0x0000e5f2     0x11f9 build/default/production/_ext/12131622/port.o
 .debug_info    0x0000f7eb       0xb6 build/default/production/_ext/12131622/port_asm.o
 .debug_info    0x0000f8a1      0xdb3 build/default/production/_ext/875444448/drv_ic_mapping.o
 .debug_info    0x00010654     0x24e3 build/default/production/_ext/875444448/drv_ic_static.o
 .debug_info    0x00012b37     0x4fdf build/default/production/_ext/1407244131/drv_tmr_static.o
 .debug_info    0x00017b16     0x1d8d build/default/production/_ext/1407244131/drv_tmr_mapping.o
 .debug_info    0x000198a3     0x14c4 build/default/production/_ext/639803181/sys_clk_pic32mx.o
 .debug_info    0x0001ad67     0x1779 build/default/production/_ext/340578644/sys_devcon.o
 .debug_info    0x0001c4e0     0x18bc build/default/production/_ext/340578644/sys_devcon_pic32mx.o
 .debug_info    0x0001dd9c     0x4106 build/default/production/_ext/822048611/sys_ports_static.o
 .debug_info    0x00021ea2     0x1248 build/default/production/_ext/74298950/bsp.o
 .debug_info    0x000230ea     0x21d2 build/default/production/_ext/1688732426/system_init.o
 .debug_info    0x000252bc     0x153c build/default/production/_ext/1688732426/system_interrupt.o
 .debug_info    0x000267f8      0xa6c build/default/production/_ext/1688732426/system_exceptions.o
 .debug_info    0x00027264      0xd77 build/default/production/_ext/1688732426/system_tasks.o
 .debug_info    0x00027fdb       0x95 build/default/production/_ext/1688732426/system_interrupt_a.o
 .debug_info    0x00028070      0x340 build/default/production/_ext/1688732426/rtos_hooks.o
 .debug_info    0x000283b0       0xf4 c:/program files (x86)/microchip/xc32/v2.20/bin/bin/../../lib/gcc/pic32mx/4.8.3/../../../../pic32mx/lib\libpic32.a(default-bootstrap-exception-handler.o)
 .debug_info    0x000284a4       0xcd c:/program files (x86)/microchip/xc32/v2.20/bin/bin/../../lib/gcc/pic32mx/4.8.3/../../../../pic32mx/lib\libpic32.a(default-on-reset.o)
 .debug_info    0x00028571       0xd5 c:/program files (x86)/microchip/xc32/v2.20/bin/bin/../../lib/gcc/pic32mx/4.8.3/../../../../pic32mx/lib\libpic32.a(default-on-bootstrap.o)
 .debug_info    0x00028646       0xe7 c:/program files (x86)/microchip/xc32/v2.20/bin/bin/../../lib/gcc/pic32mx/4.8.3/../../../../pic32mx/lib\libpic32.a(defaultinterrupt.o)

.debug_abbrev   0x00000000     0x3b9c
 *(.debug_abbrev)
 .debug_abbrev  0x00000000      0x147 build/default/production/_ext/1360937237/app.o
 .debug_abbrev  0x00000147       0xa2 build/default/production/_ext/1360937237/main.o
 .debug_abbrev  0x000001e9      0x141 build/default/production/_ext/1360937237/app1.o
 .debug_abbrev  0x0000032a      0x141 build/default/production/_ext/1360937237/app2.o
 .debug_abbrev  0x0000046b      0x1fe build/default/production/_ext/24337685/osal_freertos.o
 .debug_abbrev  0x00000669      0x29c build/default/production/_ext/272526352/sample_module.o
 .debug_abbrev  0x00000905      0x237 build/default/production/_ext/122796885/sys_int_pic32.o
 .debug_abbrev  0x00000b3c       0x1b build/default/production/_ext/1128951024/croutine.o
 .debug_abbrev  0x00000b57       0xf8 build/default/production/_ext/1128951024/list.o
 .debug_abbrev  0x00000c4f      0x33b build/default/production/_ext/1128951024/queue.o
 .debug_abbrev  0x00000f8a      0x3c3 build/default/production/_ext/1128951024/tasks.o
 .debug_abbrev  0x0000134d       0x1b build/default/production/_ext/1128951024/timers.o
 .debug_abbrev  0x00001368      0x27d build/default/production/_ext/1128951024/event_groups.o
 .debug_abbrev  0x000015e5      0x2bd build/default/production/_ext/1128951024/stream_buffer.o
 .debug_abbrev  0x000018a2      0x166 build/default/production/_ext/1856876499/heap_1.o
 .debug_abbrev  0x00001a08      0x2e3 build/default/production/_ext/12131622/port.o
 .debug_abbrev  0x00001ceb       0x14 build/default/production/_ext/12131622/port_asm.o
 .debug_abbrev  0x00001cff      0x162 build/default/production/_ext/875444448/drv_ic_mapping.o
 .debug_abbrev  0x00001e61      0x22f build/default/production/_ext/875444448/drv_ic_static.o
 .debug_abbrev  0x00002090      0x46b build/default/production/_ext/1407244131/drv_tmr_static.o
 .debug_abbrev  0x000024fb      0x2dd build/default/production/_ext/1407244131/drv_tmr_mapping.o
 .debug_abbrev  0x000027d8      0x26b build/default/production/_ext/639803181/sys_clk_pic32mx.o
 .debug_abbrev  0x00002a43      0x27b build/default/production/_ext/340578644/sys_devcon.o
 .debug_abbrev  0x00002cbe      0x20f build/default/production/_ext/340578644/sys_devcon_pic32mx.o
 .debug_abbrev  0x00002ecd      0x279 build/default/production/_ext/822048611/sys_ports_static.o
 .debug_abbrev  0x00003146      0x28a build/default/production/_ext/74298950/bsp.o
 .debug_abbrev  0x000033d0      0x21c build/default/production/_ext/1688732426/system_init.o
 .debug_abbrev  0x000035ec      0x187 build/default/production/_ext/1688732426/system_interrupt.o
 .debug_abbrev  0x00003773       0xfc build/default/production/_ext/1688732426/system_exceptions.o
 .debug_abbrev  0x0000386f      0x19c build/default/production/_ext/1688732426/system_tasks.o
 .debug_abbrev  0x00003a0b       0x12 build/default/production/_ext/1688732426/system_interrupt_a.o
 .debug_abbrev  0x00003a1d       0xdf build/default/production/_ext/1688732426/rtos_hooks.o
 .debug_abbrev  0x00003afc       0x28 c:/program files (x86)/microchip/xc32/v2.20/bin/bin/../../lib/gcc/pic32mx/4.8.3/../../../../pic32mx/lib\libpic32.a(default-bootstrap-exception-handler.o)
 .debug_abbrev  0x00003b24       0x28 c:/program files (x86)/microchip/xc32/v2.20/bin/bin/../../lib/gcc/pic32mx/4.8.3/../../../../pic32mx/lib\libpic32.a(default-on-reset.o)
 .debug_abbrev  0x00003b4c       0x28 c:/program files (x86)/microchip/xc32/v2.20/bin/bin/../../lib/gcc/pic32mx/4.8.3/../../../../pic32mx/lib\libpic32.a(default-on-bootstrap.o)
 .debug_abbrev  0x00003b74       0x28 c:/program files (x86)/microchip/xc32/v2.20/bin/bin/../../lib/gcc/pic32mx/4.8.3/../../../../pic32mx/lib\libpic32.a(defaultinterrupt.o)

.debug_line     0x00000000     0x70ac
 *(.debug_line)
 .debug_line    0x00000000      0x237 build/default/production/_ext/1360937237/app.o
 .debug_line    0x00000237       0xaf build/default/production/_ext/1360937237/main.o
 .debug_line    0x000002e6      0x1c3 build/default/production/_ext/1360937237/app1.o
 .debug_line    0x000004a9      0x1c3 build/default/production/_ext/1360937237/app2.o
 .debug_line    0x0000066c      0x2e2 build/default/production/_ext/24337685/osal_freertos.o
 .debug_line    0x0000094e      0x3a8 build/default/production/_ext/272526352/sample_module.o
 .debug_line    0x00000cf6      0x2d1 build/default/production/_ext/122796885/sys_int_pic32.o
 .debug_line    0x00000fc7       0x1d build/default/production/_ext/1128951024/croutine.o
 .debug_line    0x00000fe4      0x1db build/default/production/_ext/1128951024/list.o
 .debug_line    0x000011bf      0x5e1 build/default/production/_ext/1128951024/queue.o
 .debug_line    0x000017a0      0x8a7 build/default/production/_ext/1128951024/tasks.o
 .debug_line    0x00002047       0x1d build/default/production/_ext/1128951024/timers.o
 .debug_line    0x00002064      0x396 build/default/production/_ext/1128951024/event_groups.o
 .debug_line    0x000023fa      0x4b9 build/default/production/_ext/1128951024/stream_buffer.o
 .debug_line    0x000028b3      0x278 build/default/production/_ext/1856876499/heap_1.o
 .debug_line    0x00002b2b      0x29b build/default/production/_ext/12131622/port.o
 .debug_line    0x00002dc6      0x101 build/default/production/_ext/12131622/port_asm.o
 .debug_line    0x00002ec7      0x2b0 build/default/production/_ext/875444448/drv_ic_mapping.o
 .debug_line    0x00003177      0x46b build/default/production/_ext/875444448/drv_ic_static.o
 .debug_line    0x000035e2      0x980 build/default/production/_ext/1407244131/drv_tmr_static.o
 .debug_line    0x00003f62      0x55c build/default/production/_ext/1407244131/drv_tmr_mapping.o
 .debug_line    0x000044be      0x430 build/default/production/_ext/639803181/sys_clk_pic32mx.o
 .debug_line    0x000048ee      0x624 build/default/production/_ext/340578644/sys_devcon.o
 .debug_line    0x00004f12      0x47e build/default/production/_ext/340578644/sys_devcon_pic32mx.o
 .debug_line    0x00005390      0x75c build/default/production/_ext/822048611/sys_ports_static.o
 .debug_line    0x00005aec      0x397 build/default/production/_ext/74298950/bsp.o
 .debug_line    0x00005e83      0x5ca build/default/production/_ext/1688732426/system_init.o
 .debug_line    0x0000644d      0x28c build/default/production/_ext/1688732426/system_interrupt.o
 .debug_line    0x000066d9      0x176 build/default/production/_ext/1688732426/system_exceptions.o
 .debug_line    0x0000684f      0x344 build/default/production/_ext/1688732426/system_tasks.o
 .debug_line    0x00006b93       0xd0 build/default/production/_ext/1688732426/system_interrupt_a.o
 .debug_line    0x00006c63      0x1d4 build/default/production/_ext/1688732426/rtos_hooks.o
 .debug_line    0x00006e37       0xa6 c:/program files (x86)/microchip/xc32/v2.20/bin/bin/../../lib/gcc/pic32mx/4.8.3/../../../../pic32mx/lib\libpic32.a(default-bootstrap-exception-handler.o)
 .debug_line    0x00006edd       0x93 c:/program files (x86)/microchip/xc32/v2.20/bin/bin/../../lib/gcc/pic32mx/4.8.3/../../../../pic32mx/lib\libpic32.a(default-on-reset.o)
 .debug_line    0x00006f70       0x97 c:/program files (x86)/microchip/xc32/v2.20/bin/bin/../../lib/gcc/pic32mx/4.8.3/../../../../pic32mx/lib\libpic32.a(default-on-bootstrap.o)
 .debug_line    0x00007007       0xa5 c:/program files (x86)/microchip/xc32/v2.20/bin/bin/../../lib/gcc/pic32mx/4.8.3/../../../../pic32mx/lib\libpic32.a(defaultinterrupt.o)

.debug_frame    0x00000000     0x1d90
 *(.debug_frame)
 .debug_frame   0x00000000       0x40 build/default/production/_ext/1360937237/app.o
 .debug_frame   0x00000040       0x28 build/default/production/_ext/1360937237/main.o
 .debug_frame   0x00000068       0x38 build/default/production/_ext/1360937237/app1.o
 .debug_frame   0x000000a0       0x38 build/default/production/_ext/1360937237/app2.o
 .debug_frame   0x000000d8      0x150 build/default/production/_ext/24337685/osal_freertos.o
 .debug_frame   0x00000228       0xe4 build/default/production/_ext/272526352/sample_module.o
 .debug_frame   0x0000030c       0x90 build/default/production/_ext/122796885/sys_int_pic32.o
 .debug_frame   0x0000039c       0x60 build/default/production/_ext/1128951024/list.o
 .debug_frame   0x000003fc      0x28c build/default/production/_ext/1128951024/queue.o
 .debug_frame   0x00000688      0x4a4 build/default/production/_ext/1128951024/tasks.o
 .debug_frame   0x00000b2c      0x10c build/default/production/_ext/1128951024/event_groups.o
 .debug_frame   0x00000c38      0x25c build/default/production/_ext/1128951024/stream_buffer.o
 .debug_frame   0x00000e94       0x68 build/default/production/_ext/1856876499/heap_1.o
 .debug_frame   0x00000efc       0xc8 build/default/production/_ext/12131622/port.o
 .debug_frame   0x00000fc4       0xcc build/default/production/_ext/875444448/drv_ic_mapping.o
 .debug_frame   0x00001090       0x90 build/default/production/_ext/875444448/drv_ic_static.o
 .debug_frame   0x00001120      0x2d4 build/default/production/_ext/1407244131/drv_tmr_static.o
 .debug_frame   0x000013f4      0x288 build/default/production/_ext/1407244131/drv_tmr_mapping.o
 .debug_frame   0x0000167c       0xa0 build/default/production/_ext/639803181/sys_clk_pic32mx.o
 .debug_frame   0x0000171c       0xe8 build/default/production/_ext/340578644/sys_devcon.o
 .debug_frame   0x00001804       0x28 build/default/production/_ext/340578644/sys_devcon_pic32mx.o
 .debug_frame   0x0000182c      0x270 build/default/production/_ext/822048611/sys_ports_static.o
 .debug_frame   0x00001a9c       0xb8 build/default/production/_ext/74298950/bsp.o
 .debug_frame   0x00001b54       0x28 build/default/production/_ext/1688732426/system_init.o
 .debug_frame   0x00001b7c       0x48 build/default/production/_ext/1688732426/system_interrupt.o
 .debug_frame   0x00001bc4       0x28 build/default/production/_ext/1688732426/system_exceptions.o
 .debug_frame   0x00001bec       0xa0 build/default/production/_ext/1688732426/system_tasks.o
 .debug_frame   0x00001c8c       0x78 build/default/production/_ext/1688732426/rtos_hooks.o
 .debug_frame   0x00001d04       0x2c c:/program files (x86)/microchip/xc32/v2.20/bin/bin/../../lib/gcc/pic32mx/4.8.3/../../../../pic32mx/lib\libpic32.a(default-bootstrap-exception-handler.o)
 .debug_frame   0x00001d30       0x20 c:/program files (x86)/microchip/xc32/v2.20/bin/bin/../../lib/gcc/pic32mx/4.8.3/../../../../pic32mx/lib\libpic32.a(default-on-reset.o)
 .debug_frame   0x00001d50       0x20 c:/program files (x86)/microchip/xc32/v2.20/bin/bin/../../lib/gcc/pic32mx/4.8.3/../../../../pic32mx/lib\libpic32.a(default-on-bootstrap.o)
 .debug_frame   0x00001d70       0x20 c:/program files (x86)/microchip/xc32/v2.20/bin/bin/../../lib/gcc/pic32mx/4.8.3/../../../../pic32mx/lib\libpic32.a(defaultinterrupt.o)

.debug_str      0x00000000      0x7e4
 *(.debug_str)
 .debug_str     0x00000000        0x0 build/default/production/_ext/1360937237/app.o
 .debug_str     0x00000000        0x0 build/default/production/_ext/1360937237/main.o
 .debug_str     0x00000000        0x0 build/default/production/_ext/1360937237/app1.o
 .debug_str     0x00000000        0x0 build/default/production/_ext/1360937237/app2.o
 .debug_str     0x00000000       0x40 build/default/production/_ext/24337685/osal_freertos.o
 .debug_str     0x00000040       0x31 build/default/production/_ext/272526352/sample_module.o
 .debug_str     0x00000071       0x1d build/default/production/_ext/122796885/sys_int_pic32.o
 .debug_str     0x0000008e        0x0 build/default/production/_ext/1128951024/croutine.o
 .debug_str     0x0000008e       0x2b build/default/production/_ext/1128951024/list.o
 .debug_str     0x000000b9      0x131 build/default/production/_ext/1128951024/queue.o
 .debug_str     0x000001ea      0x1b1 build/default/production/_ext/1128951024/tasks.o
 .debug_str     0x0000039b        0x0 build/default/production/_ext/1128951024/timers.o
 .debug_str     0x0000039b       0xe6 build/default/production/_ext/1128951024/event_groups.o
 .debug_str     0x00000481      0x13d build/default/production/_ext/1128951024/stream_buffer.o
 .debug_str     0x000005be       0x1d build/default/production/_ext/1856876499/heap_1.o
 .debug_str     0x000005db       0x37 build/default/production/_ext/12131622/port.o
 .debug_str     0x00000612       0x13 build/default/production/_ext/875444448/drv_ic_mapping.o
 .debug_str     0x00000625       0x39 build/default/production/_ext/875444448/drv_ic_static.o
 .debug_str     0x0000065e       0xa5 build/default/production/_ext/1407244131/drv_tmr_static.o
 .debug_str     0x00000703        0xe build/default/production/_ext/1407244131/drv_tmr_mapping.o
 .debug_str     0x00000711       0x39 build/default/production/_ext/639803181/sys_clk_pic32mx.o
 .debug_str     0x0000074a       0x16 build/default/production/_ext/340578644/sys_devcon.o
 .debug_str     0x00000760        0x6 build/default/production/_ext/340578644/sys_devcon_pic32mx.o
 .debug_str     0x00000766       0x55 build/default/production/_ext/822048611/sys_ports_static.o
 .debug_str     0x000007bb       0x15 build/default/production/_ext/74298950/bsp.o
 .debug_str     0x000007d0        0xb build/default/production/_ext/1688732426/system_init.o
 .debug_str     0x000007db        0x0 build/default/production/_ext/1688732426/system_interrupt.o
 .debug_str     0x000007db        0x0 build/default/production/_ext/1688732426/system_exceptions.o
 .debug_str     0x000007db        0x0 build/default/production/_ext/1688732426/system_tasks.o
 .debug_str     0x000007db        0x9 build/default/production/_ext/1688732426/rtos_hooks.o
 .debug_str     0x000007e4        0x0 c:/program files (x86)/microchip/xc32/v2.20/bin/bin/../../lib/gcc/pic32mx/4.8.3/../../../../pic32mx/lib\libpic32.a(default-bootstrap-exception-handler.o)
 .debug_str     0x000007e4        0x0 c:/program files (x86)/microchip/xc32/v2.20/bin/bin/../../lib/gcc/pic32mx/4.8.3/../../../../pic32mx/lib\libpic32.a(default-on-reset.o)
 .debug_str     0x000007e4        0x0 c:/program files (x86)/microchip/xc32/v2.20/bin/bin/../../lib/gcc/pic32mx/4.8.3/../../../../pic32mx/lib\libpic32.a(default-on-bootstrap.o)
 .debug_str     0x000007e4        0x0 c:/program files (x86)/microchip/xc32/v2.20/bin/bin/../../lib/gcc/pic32mx/4.8.3/../../../../pic32mx/lib\libpic32.a(defaultinterrupt.o)

.debug_loc      0x00000000     0x6b95
 *(.debug_loc)
 .debug_loc     0x00000000       0x14 build/default/production/_ext/1360937237/main.o
 .debug_loc     0x00000014      0x416 build/default/production/_ext/24337685/osal_freertos.o
 .debug_loc     0x0000042a      0x3ac build/default/production/_ext/272526352/sample_module.o
 .debug_loc     0x000007d6       0x7c build/default/production/_ext/122796885/sys_int_pic32.o
 .debug_loc     0x00000852       0x44 build/default/production/_ext/1128951024/list.o
 .debug_loc     0x00000896     0x1241 build/default/production/_ext/1128951024/queue.o
 .debug_loc     0x00001ad7     0x1673 build/default/production/_ext/1128951024/tasks.o
 .debug_loc     0x0000314a      0x95e build/default/production/_ext/1128951024/event_groups.o
 .debug_loc     0x00003aa8     0x117b build/default/production/_ext/1128951024/stream_buffer.o
 .debug_loc     0x00004c23       0x6a build/default/production/_ext/1856876499/heap_1.o
 .debug_loc     0x00004c8d       0xee build/default/production/_ext/12131622/port.o
 .debug_loc     0x00004d7b      0x2b7 build/default/production/_ext/875444448/drv_ic_mapping.o
 .debug_loc     0x00005032      0x6fc build/default/production/_ext/1407244131/drv_tmr_static.o
 .debug_loc     0x0000572e      0x691 build/default/production/_ext/1407244131/drv_tmr_mapping.o
 .debug_loc     0x00005dbf       0x49 build/default/production/_ext/639803181/sys_clk_pic32mx.o
 .debug_loc     0x00005e08       0xf0 build/default/production/_ext/340578644/sys_devcon.o
 .debug_loc     0x00005ef8       0xda build/default/production/_ext/340578644/sys_devcon_pic32mx.o
 .debug_loc     0x00005fd2      0x73d build/default/production/_ext/822048611/sys_ports_static.o
 .debug_loc     0x0000670f      0x3bb build/default/production/_ext/74298950/bsp.o
 .debug_loc     0x00006aca       0x21 build/default/production/_ext/1688732426/system_init.o
 .debug_loc     0x00006aeb       0x7e build/default/production/_ext/1688732426/rtos_hooks.o
 .debug_loc     0x00006b69       0x2c c:/program files (x86)/microchip/xc32/v2.20/bin/bin/../../lib/gcc/pic32mx/4.8.3/../../../../pic32mx/lib\libpic32.a(default-bootstrap-exception-handler.o)

.debug_macinfo
 *(.debug_macinfo)

.debug_weaknames
 *(.debug_weaknames)

.debug_funcnames
 *(.debug_funcnames)

.debug_typenames
 *(.debug_typenames)

.debug_varnames
 *(.debug_varnames)

.debug_pubtypes
 *(.debug_pubtypes)

.debug_ranges   0x00000000      0xd38
 *(.debug_ranges)
 .debug_ranges  0x00000000       0x18 build/default/production/_ext/1360937237/app.o
 .debug_ranges  0x00000018       0x10 build/default/production/_ext/1360937237/main.o
 .debug_ranges  0x00000028       0x18 build/default/production/_ext/1360937237/app1.o
 .debug_ranges  0x00000040       0x18 build/default/production/_ext/1360937237/app2.o
 .debug_ranges  0x00000058       0x78 build/default/production/_ext/24337685/osal_freertos.o
 .debug_ranges  0x000000d0       0x48 build/default/production/_ext/272526352/sample_module.o
 .debug_ranges  0x00000118       0x50 build/default/production/_ext/122796885/sys_int_pic32.o
 .debug_ranges  0x00000168       0x30 build/default/production/_ext/1128951024/list.o
 .debug_ranges  0x00000198      0x130 build/default/production/_ext/1128951024/queue.o
 .debug_ranges  0x000002c8      0x1d8 build/default/production/_ext/1128951024/tasks.o
 .debug_ranges  0x000004a0       0x98 build/default/production/_ext/1128951024/event_groups.o
 .debug_ranges  0x00000538       0xa8 build/default/production/_ext/1128951024/stream_buffer.o
 .debug_ranges  0x000005e0       0x28 build/default/production/_ext/1856876499/heap_1.o
 .debug_ranges  0x00000608       0x48 build/default/production/_ext/12131622/port.o
 .debug_ranges  0x00000650       0x38 build/default/production/_ext/875444448/drv_ic_mapping.o
 .debug_ranges  0x00000688       0x48 build/default/production/_ext/875444448/drv_ic_static.o
 .debug_ranges  0x000006d0      0x178 build/default/production/_ext/1407244131/drv_tmr_static.o
 .debug_ranges  0x00000848       0xd8 build/default/production/_ext/1407244131/drv_tmr_mapping.o
 .debug_ranges  0x00000920       0x40 build/default/production/_ext/639803181/sys_clk_pic32mx.o
 .debug_ranges  0x00000960       0x68 build/default/production/_ext/340578644/sys_devcon.o
 .debug_ranges  0x000009c8       0x10 build/default/production/_ext/340578644/sys_devcon_pic32mx.o
 .debug_ranges  0x000009d8      0x138 build/default/production/_ext/822048611/sys_ports_static.o
 .debug_ranges  0x00000b10      0x100 build/default/production/_ext/74298950/bsp.o
 .debug_ranges  0x00000c10       0x10 build/default/production/_ext/1688732426/system_init.o
 .debug_ranges  0x00000c20       0x20 build/default/production/_ext/1688732426/system_interrupt.o
 .debug_ranges  0x00000c40       0x10 build/default/production/_ext/1688732426/system_exceptions.o
 .debug_ranges  0x00000c50       0x38 build/default/production/_ext/1688732426/system_tasks.o
 .debug_ranges  0x00000c88       0x40 build/default/production/_ext/1688732426/system_interrupt_a.o
 .debug_ranges  0x00000cc8       0x30 build/default/production/_ext/1688732426/rtos_hooks.o
 .debug_ranges  0x00000cf8       0x10 c:/program files (x86)/microchip/xc32/v2.20/bin/bin/../../lib/gcc/pic32mx/4.8.3/../../../../pic32mx/lib\libpic32.a(default-bootstrap-exception-handler.o)
 .debug_ranges  0x00000d08       0x10 c:/program files (x86)/microchip/xc32/v2.20/bin/bin/../../lib/gcc/pic32mx/4.8.3/../../../../pic32mx/lib\libpic32.a(default-on-reset.o)
 .debug_ranges  0x00000d18       0x10 c:/program files (x86)/microchip/xc32/v2.20/bin/bin/../../lib/gcc/pic32mx/4.8.3/../../../../pic32mx/lib\libpic32.a(default-on-bootstrap.o)
 .debug_ranges  0x00000d28       0x10 c:/program files (x86)/microchip/xc32/v2.20/bin/bin/../../lib/gcc/pic32mx/4.8.3/../../../../pic32mx/lib\libpic32.a(defaultinterrupt.o)

.gnu.attributes
                0x00000000       0x10
 *(.gnu.attributes)
 .gnu.attributes
                0x00000000       0x10 build/default/production/_ext/1360937237/app.o
 .gnu.attributes
                0x00000010       0x10 build/default/production/_ext/1360937237/main.o
 .gnu.attributes
                0x00000020       0x10 build/default/production/_ext/1360937237/app1.o
 .gnu.attributes
                0x00000030       0x10 build/default/production/_ext/1360937237/app2.o
 .gnu.attributes
                0x00000040       0x10 build/default/production/_ext/24337685/osal_freertos.o
 .gnu.attributes
                0x00000050       0x10 build/default/production/_ext/272526352/sample_module.o
 .gnu.attributes
                0x00000060       0x10 build/default/production/_ext/122796885/sys_int_pic32.o
 .gnu.attributes
                0x00000070       0x10 build/default/production/_ext/1128951024/croutine.o
 .gnu.attributes
                0x00000080       0x10 build/default/production/_ext/1128951024/list.o
 .gnu.attributes
                0x00000090       0x10 build/default/production/_ext/1128951024/queue.o
 .gnu.attributes
                0x000000a0       0x10 build/default/production/_ext/1128951024/tasks.o
 .gnu.attributes
                0x000000b0       0x10 build/default/production/_ext/1128951024/timers.o
 .gnu.attributes
                0x000000c0       0x10 build/default/production/_ext/1128951024/event_groups.o
 .gnu.attributes
                0x000000d0       0x10 build/default/production/_ext/1128951024/stream_buffer.o
 .gnu.attributes
                0x000000e0       0x10 build/default/production/_ext/1856876499/heap_1.o
 .gnu.attributes
                0x000000f0       0x10 build/default/production/_ext/12131622/port.o
 .gnu.attributes
                0x00000100       0x10 build/default/production/_ext/875444448/drv_ic_mapping.o
 .gnu.attributes
                0x00000110       0x10 build/default/production/_ext/875444448/drv_ic_static.o
 .gnu.attributes
                0x00000120       0x10 build/default/production/_ext/1407244131/drv_tmr_static.o
 .gnu.attributes
                0x00000130       0x10 build/default/production/_ext/1407244131/drv_tmr_mapping.o
 .gnu.attributes
                0x00000140       0x10 build/default/production/_ext/639803181/sys_clk_pic32mx.o
 .gnu.attributes
                0x00000150       0x10 build/default/production/_ext/340578644/sys_devcon.o
 .gnu.attributes
                0x00000160       0x10 build/default/production/_ext/340578644/sys_devcon_pic32mx.o
 .gnu.attributes
                0x00000170       0x10 build/default/production/_ext/822048611/sys_ports_static.o
 .gnu.attributes
                0x00000180       0x10 build/default/production/_ext/74298950/bsp.o
 .gnu.attributes
                0x00000190       0x10 build/default/production/_ext/1688732426/system_init.o
 .gnu.attributes
                0x000001a0       0x10 build/default/production/_ext/1688732426/system_interrupt.o
 .gnu.attributes
                0x000001b0       0x10 build/default/production/_ext/1688732426/system_exceptions.o
 .gnu.attributes
                0x000001c0       0x10 build/default/production/_ext/1688732426/system_tasks.o
 .gnu.attributes
                0x000001d0       0x10 build/default/production/_ext/1688732426/rtos_hooks.o
 .gnu.attributes
                0x000001e0       0x10 c:/program files (x86)/microchip/xc32/v2.20/bin/bin/../../lib/gcc/pic32mx/4.8.3/../../../../pic32mx/lib\libpic32.a(default-bootstrap-exception-handler.o)
 .gnu.attributes
                0x000001f0       0x10 c:/program files (x86)/microchip/xc32/v2.20/bin/bin/../../lib/gcc/pic32mx/4.8.3/../../../../pic32mx/lib\libpic32.a(default-on-reset.o)
 .gnu.attributes
                0x00000200       0x10 c:/program files (x86)/microchip/xc32/v2.20/bin/bin/../../lib/gcc/pic32mx/4.8.3/../../../../pic32mx/lib\libpic32.a(default-on-bootstrap.o)
 .gnu.attributes
                0x00000210       0x10 c:/program files (x86)/microchip/xc32/v2.20/bin/bin/../../lib/gcc/pic32mx/4.8.3/../../../../pic32mx/lib\libpic32.a(defaultinterrupt.o)
LOAD c:/program files (x86)/microchip/xc32/v2.20/bin/bin/../../lib/gcc/pic32mx/4.8.3\libgcc.a
START GROUP
LOAD c:/program files (x86)/microchip/xc32/v2.20/bin/bin/../../lib/gcc/pic32mx/4.8.3/../../../../pic32mx/lib\libpic32.a
LOAD c:/program files (x86)/microchip/xc32/v2.20/bin/bin/../../lib/gcc/pic32mx/4.8.3/../../../../pic32mx/lib\libdebug.a
LOAD c:/program files (x86)/microchip/xc32/v2.20/bin/bin/../../lib/gcc/pic32mx/4.8.3/../../../../pic32mx/lib\libpic32.a
LOAD c:/program files (x86)/microchip/xc32/v2.20/bin/bin/../../lib/gcc/pic32mx/4.8.3/../../../../pic32mx/lib\libc.a
LOAD c:/program files (x86)/microchip/xc32/v2.20/bin/bin/../../lib/gcc/pic32mx/4.8.3/../../../../pic32mx/lib\libc.a
LOAD c:/program files (x86)/microchip/xc32/v2.20/bin/bin/../../lib/gcc/pic32mx/4.8.3/../../../../pic32mx/lib\libm.a
LOAD c:/program files (x86)/microchip/xc32/v2.20/bin/bin/../../lib/gcc/pic32mx/4.8.3/../../../../pic32mx/lib\libe.a
LOAD c:/program files (x86)/microchip/xc32/v2.20/bin/bin/../../lib/gcc/pic32mx/4.8.3/../../../../pic32mx/lib\libdsp.a
LOAD c:/program files (x86)/microchip/xc32/v2.20/bin/bin/../../lib/gcc/pic32mx/4.8.3\libgcc.a
LOAD c:/program files (x86)/microchip/xc32/v2.20/bin/bin/../../lib/gcc/pic32mx/4.8.3/../../../../pic32mx/lib\libpic32.a
END GROUP
LOAD c:/program files (x86)/microchip/xc32/v2.20/bin/bin/../../lib/gcc/pic32mx/4.8.3\libgcc.a
OUTPUT(dist/default/production/10AUG19_Mark.X.production.elf elf32-tradlittlemips)
LOAD stack
LOAD data_init

.reginfo        0x00000000       0x18
 .reginfo       0x00000000       0x18 c:/program files (x86)/microchip/xc32/v2.20/bin/bin/../../lib/gcc/pic32mx/4.8.3/../../../../pic32mx/lib\debug-exception-return.o

.stack          0xa00076f8      0x400
 .stack         0xa00076f8      0x400 stack

.bss            0xa000007c     0x6d60
 .bss           0xa000007c     0x6d60 build/default/production/_ext/1856876499/heap_1.o

.bss            0xa0006de0      0x8c8
 .bss           0xa0006de0      0x800 build/default/production/_ext/12131622/port.o
                0xa0006de0                xISRStack
 .bss           0xa00075e0       0xc8 build/default/production/_ext/1128951024/tasks.o

.bss            0xa00076a8       0x30
 .bss           0xa00076a8       0x1c build/default/production/_ext/272526352/sample_module.o
 .bss           0xa00076c4       0x14 build/default/production/_ext/1407244131/drv_tmr_static.o

._debug_exception
                0xbfc00480       0x2c
 ._debug_exception
                0xbfc00480       0x2c c:/program files (x86)/microchip/xc32/v2.20/bin/bin/../../lib/gcc/pic32mx/4.8.3/../../../../pic32mx/lib\debug-exception-return.o
                0xbfc00480                __DbgExecReturn

.text           0x9d000000      0x454
 .text          0x9d000000      0x454 build/default/production/_ext/12131622/port_asm.o
                0x9d000000                vPortTickInterruptHandler
                0x9d0001ac                vPortStartFirstTask
                0x9d000274                vPortYieldISR

.text.xTaskCreate
                0x9d000454      0x2c8
 .text.xTaskCreate
                0x9d000454      0x2c8 build/default/production/_ext/1128951024/tasks.o
                0x9d000454                xTaskCreate

.text.xQueueSemaphoreTake
                0x9d00071c      0x270
 .text.xQueueSemaphoreTake
                0x9d00071c      0x270 build/default/production/_ext/1128951024/queue.o
                0x9d00071c                xQueueSemaphoreTake

.text.xQueueGenericSend
                0x9d00098c      0x268
 .text.xQueueGenericSend
                0x9d00098c      0x268 build/default/production/_ext/1128951024/queue.o
                0x9d00098c                xQueueGenericSend

.DrvTmrInstance0_vector_text
                0x9d000bf4      0x1b4
 .DrvTmrInstance0_vector_text
                0x9d000bf4      0x1b4 build/default/production/_ext/1688732426/system_interrupt_a.o

.DrvTmrInstance1_vector_text
                0x9d000da8      0x1b4
 .DrvTmrInstance1_vector_text
                0x9d000da8      0x1b4 build/default/production/_ext/1688732426/system_interrupt_a.o

.DrvICInstance0_vector_text
                0x9d000f5c      0x1b4
 .DrvICInstance0_vector_text
                0x9d000f5c      0x1b4 build/default/production/_ext/1688732426/system_interrupt_a.o

.text.xTaskIncrementTick
                0x9d001110      0x1a0
 .text.xTaskIncrementTick
                0x9d001110      0x1a0 build/default/production/_ext/1128951024/tasks.o
                0x9d001110                xTaskIncrementTick

.text           0x9d0012b0      0x168
 .text          0x9d0012b0      0x168 c:/program files (x86)/microchip/xc32/v2.20/bin/bin/../../lib/gcc/pic32mx/4.8.3/../../../../pic32mx/lib\libpic32.a(memcpy.o)
                0x9d0012b0                memcpy

.text.xTaskResumeAll
                0x9d001418      0x164
 .text.xTaskResumeAll
                0x9d001418      0x164 build/default/production/_ext/1128951024/tasks.o
                0x9d001418                xTaskResumeAll

.text.vTaskPriorityDisinheritAfterTimeout
                0x9d00157c      0x150
 .text.vTaskPriorityDisinheritAfterTimeout
                0x9d00157c      0x150 build/default/production/_ext/1128951024/tasks.o
                0x9d00157c                vTaskPriorityDisinheritAfterTimeout

.text.xTaskPriorityInherit
                0x9d0016cc      0x14c
 .text.xTaskPriorityInherit
                0x9d0016cc      0x14c build/default/production/_ext/1128951024/tasks.o
                0x9d0016cc                xTaskPriorityInherit

.text.xTaskPriorityDisinherit
                0x9d001818      0x12c
 .text.xTaskPriorityDisinherit
                0x9d001818      0x12c build/default/production/_ext/1128951024/tasks.o
                0x9d001818                xTaskPriorityDisinherit

.rodata         0x9d001944      0x128
 .rodata        0x9d001944      0x128 build/default/production/_ext/1688732426/system_exceptions.o

.text.vTaskSwitchContext
                0x9d001a6c      0x11c
 .text.vTaskSwitchContext
                0x9d001a6c      0x11c build/default/production/_ext/1128951024/tasks.o
                0x9d001a6c                vTaskSwitchContext

.text.prvUnlockQueue
                0x9d001b88      0x100
 .text.prvUnlockQueue
                0x9d001b88      0x100 build/default/production/_ext/1128951024/queue.o

.text.prvCopyDataToQueue
                0x9d001c88       0xf4
 .text.prvCopyDataToQueue
                0x9d001c88       0xf4 build/default/production/_ext/1128951024/queue.o

.text.prvAddCurrentTaskToDelayedList
                0x9d001d7c       0xe4
 .text.prvAddCurrentTaskToDelayedList
                0x9d001d7c       0xe4 build/default/production/_ext/1128951024/tasks.o

.text.SYS_DEVCON_PerformanceConfig
                0x9d001e60       0xe0
 .text.SYS_DEVCON_PerformanceConfig
                0x9d001e60       0xe0 build/default/production/_ext/340578644/sys_devcon_pic32mx.o
                0x9d001e60                SYS_DEVCON_PerformanceConfig

.text.SYS_Tasks
                0x9d001f40       0xdc
 .text.SYS_Tasks
                0x9d001f40       0xdc build/default/production/_ext/1688732426/system_tasks.o
                0x9d001f40                SYS_Tasks

.text.general_exception
                0x9d00201c       0xdc
 .text.general_exception
                0x9d00201c       0xdc c:/program files (x86)/microchip/xc32/v2.20/bin/bin/../../lib/gcc/pic32mx/4.8.3/../../../../pic32mx/lib\libpic32.a(general-exception.o)
                0x9d00201c                _general_exception_context

.text.xQueueGenericReset
                0x9d0020f8       0xd8
 .text.xQueueGenericReset
                0x9d0020f8       0xd8 build/default/production/_ext/1128951024/queue.o
                0x9d0020f8                xQueueGenericReset

.text.xTaskRemoveFromEventList
                0x9d0021d0       0xd4
 .text.xTaskRemoveFromEventList
                0x9d0021d0       0xd4 build/default/production/_ext/1128951024/tasks.o
                0x9d0021d0                xTaskRemoveFromEventList

.text.xTaskCheckForTimeOut
                0x9d0022a4       0xd0
 .text.xTaskCheckForTimeOut
                0x9d0022a4       0xd0 build/default/production/_ext/1128951024/tasks.o
                0x9d0022a4                xTaskCheckForTimeOut

.text.BSP_LEDOff
                0x9d002374       0xc0
 .text.BSP_LEDOff
                0x9d002374       0xc0 build/default/production/_ext/74298950/bsp.o
                0x9d002374                BSP_LEDOff

.text.pvPortMalloc
                0x9d002434       0xb0
 .text.pvPortMalloc
                0x9d002434       0xb0 build/default/production/_ext/1856876499/heap_1.o
                0x9d002434                pvPortMalloc

.text.SYS_PORTS_Initialize
                0x9d0024e4       0xb0
 .text.SYS_PORTS_Initialize
                0x9d0024e4       0xb0 build/default/production/_ext/822048611/sys_ports_static.o
                0x9d0024e4                SYS_PORTS_Initialize

.text.xQueueGenericCreate
                0x9d002594       0xa8
 .text.xQueueGenericCreate
                0x9d002594       0xa8 build/default/production/_ext/1128951024/queue.o
                0x9d002594                xQueueGenericCreate

.text.vTaskStartScheduler
                0x9d00263c       0xa8
 .text.vTaskStartScheduler
                0x9d00263c       0xa8 build/default/production/_ext/1128951024/tasks.o
                0x9d00263c                vTaskStartScheduler

.text.prvIdleTask
                0x9d0026e4       0xa8
 .text.prvIdleTask
                0x9d0026e4       0xa8 build/default/production/_ext/1128951024/tasks.o

.text           0x9d00278c       0xa8
 .text          0x9d00278c       0xa8 c:/program files (x86)/microchip/xc32/v2.20/bin/bin/../../lib/gcc/pic32mx/4.8.3/../../../../pic32mx/lib\libpic32.a(memset.o)
                0x9d00278c                memset

.dinit          0x9d002834       0xa0
 .dinit         0x9d002834       0xa0 data_init

.text.SYS_Initialize
                0x9d0028d4       0x9c
 .text.SYS_Initialize
                0x9d0028d4       0x9c build/default/production/_ext/1688732426/system_init.o
                0x9d0028d4                SYS_Initialize

.text.DRV_IC0_Initialize
                0x9d002970       0x90
 .text.DRV_IC0_Initialize
                0x9d002970       0x90 build/default/production/_ext/875444448/drv_ic_static.o
                0x9d002970                DRV_IC0_Initialize

.text.DRV_TMR1_Initialize
                0x9d002a00       0x8c
 .text.DRV_TMR1_Initialize
                0x9d002a00       0x8c build/default/production/_ext/1407244131/drv_tmr_static.o
                0x9d002a00                DRV_TMR1_Initialize

.text           0x9d002a8c       0x84
 .text          0x9d002a8c       0x84 c:/program files (x86)/microchip/xc32/v2.20/bin/bin/../../lib/gcc/pic32mx/4.8.3/../../../../pic32mx/lib\libpic32.a(pic32_data_init.o)
                0x9d002a8c                __pic32_data_init

.text.SAMPLE_Tasks
                0x9d002b10       0x80
 .text.SAMPLE_Tasks
                0x9d002b10       0x80 build/default/production/_ext/272526352/sample_module.o
                0x9d002b10                SAMPLE_Tasks

.text.vTaskEnterCritical
                0x9d002b90       0x7c
 .text.vTaskEnterCritical
                0x9d002b90       0x7c build/default/production/_ext/1128951024/tasks.o
                0x9d002b90                vTaskEnterCritical

.text.DRV_TMR0_Initialize
                0x9d002c0c       0x7c
 .text.DRV_TMR0_Initialize
                0x9d002c0c       0x7c build/default/production/_ext/1407244131/drv_tmr_static.o
                0x9d002c0c                DRV_TMR0_Initialize

.text.SAMPLE_Initialize
                0x9d002c88       0x78
 .text.SAMPLE_Initialize
                0x9d002c88       0x78 build/default/production/_ext/272526352/sample_module.o
                0x9d002c88                SAMPLE_Initialize

.text.vTaskDelay
                0x9d002d00       0x70
 .text.vTaskDelay
                0x9d002d00       0x70 build/default/production/_ext/1128951024/tasks.o
                0x9d002d00                vTaskDelay

.text.vApplicationSetupTickTimerInterrupt
                0x9d002d70       0x6c
 .text.vApplicationSetupTickTimerInterrupt
                0x9d002d70       0x6c build/default/production/_ext/12131622/port.o
                0x9d002d70                vApplicationSetupTickTimerInterrupt

.text.DRV_TMR1_Tasks
                0x9d002ddc       0x6c
 .text.DRV_TMR1_Tasks
                0x9d002ddc       0x6c build/default/production/_ext/1407244131/drv_tmr_static.o
                0x9d002ddc                DRV_TMR1_Tasks

.text.vListInsert
                0x9d002e48       0x60
 .text.vListInsert
                0x9d002e48       0x60 build/default/production/_ext/1128951024/list.o
                0x9d002e48                vListInsert

.text.vTaskExitCritical
                0x9d002ea8       0x60
 .text.vTaskExitCritical
                0x9d002ea8       0x60 build/default/production/_ext/1128951024/tasks.o
                0x9d002ea8                vTaskExitCritical

.text.vTaskPlaceOnEventList
                0x9d002f08       0x5c
 .text.vTaskPlaceOnEventList
                0x9d002f08       0x5c build/default/production/_ext/1128951024/tasks.o
                0x9d002f08                vTaskPlaceOnEventList

.text.xPortStartScheduler
                0x9d002f64       0x5c
 .text.xPortStartScheduler
                0x9d002f64       0x5c build/default/production/_ext/12131622/port.o
                0x9d002f64                xPortStartScheduler

.text.xQueueCreateMutex
                0x9d002fc0       0x58
 .text.xQueueCreateMutex
                0x9d002fc0       0x58 build/default/production/_ext/1128951024/queue.o
                0x9d002fc0                xQueueCreateMutex

.text.prvTaskExitError
                0x9d003018       0x58
 .text.prvTaskExitError
                0x9d003018       0x58 build/default/production/_ext/12131622/port.o

.text.SYS_DEVCON_SystemUnlock
                0x9d003070       0x58
 .text.SYS_DEVCON_SystemUnlock
                0x9d003070       0x58 build/default/production/_ext/340578644/sys_devcon.o
                0x9d003070                SYS_DEVCON_SystemUnlock

.text.pxPortInitialiseStack
                0x9d0030c8       0x54
 .text.pxPortInitialiseStack
                0x9d0030c8       0x54 build/default/production/_ext/12131622/port.o
                0x9d0030c8                pxPortInitialiseStack

.text.vPortIncrementTick
                0x9d00311c       0x54
 .text.vPortIncrementTick
                0x9d00311c       0x54 build/default/production/_ext/12131622/port.o
                0x9d00311c                vPortIncrementTick

.text.BSP_LEDToggle